#
# There is insufficient memory for the Java Runtime Environment to continue.
# Native memory allocation (malloc) failed to allocate 1230416 bytes for Chunk::new
# Possible reasons:
#   The system is out of physical RAM or swap space
#   The process is running with CompressedOops enabled, and the Java Heap may be blocking the growth of the native heap
# Possible solutions:
#   Reduce memory load on the system
#   Increase physical memory or swap space
#   Check if swap backing store is full
#   Decrease Java heap size (-Xmx/-Xms)
#   Decrease number of Java threads
#   Decrease Java thread stack sizes (-Xss)
#   Set larger code cache with -XX:ReservedCodeCacheSize=
#   JVM is running with Zero Based Compressed Oops mode in which the Java heap is
#     placed in the first 32GB address space. The Java Heap base address is the
#     maximum limit for the native heap growth. Please use -XX:HeapBaseMinAddress
#     to set the Java Heap base and to place the Java Heap above 32GB virtual address.
# This output file may be truncated or incomplete.
#
#  Out of Memory Error (arena.cpp:189), pid=14600, tid=8952
#
# JRE version: Java(TM) SE Runtime Environment (17.0.8+9) (build 17.0.8+9-LTS-211)
# Java VM: Java HotSpot(TM) 64-Bit Server VM (17.0.8+9-LTS-211, mixed mode, sharing, tiered, compressed oops, compressed class ptrs, g1 gc, windows-amd64)
# No core dump will be written. Minidumps are not enabled by default on client versions of Windows
#

---------------  S U M M A R Y ------------

Command Line: --add-opens=java.base/java.lang=ALL-UNNAMED --add-opens=java.base/java.lang.invoke=ALL-UNNAMED --add-opens=java.base/java.util=ALL-UNNAMED --add-opens=java.prefs/java.util.prefs=ALL-UNNAMED --add-exports=jdk.compiler/com.sun.tools.javac.api=ALL-UNNAMED --add-exports=jdk.compiler/com.sun.tools.javac.util=ALL-UNNAMED --add-opens=java.base/java.util=ALL-UNNAMED --add-opens=java.prefs/java.util.prefs=ALL-UNNAMED --add-opens=java.base/java.nio.charset=ALL-UNNAMED --add-opens=java.base/java.net=ALL-UNNAMED --add-opens=java.base/java.util.concurrent.atomic=ALL-UNNAMED --add-opens=java.xml/javax.xml.namespace=ALL-UNNAMED -XX:MaxMetaspaceSize=4G -XX:ReservedCodeCacheSize=512m -XX:+HeapDumpOnOutOfMemoryError -Xmx8G -Dfile.encoding=UTF-8 -Duser.country=US -Duser.language=en -Duser.variant -javaagent:C:\Users\hp\.gradle\wrapper\dists\gradle-8.14-all\c2qonpi39x1mddn7hk5gh9iqj\gradle-8.14\lib\agents\gradle-instrumentation-agent-8.14.jar org.gradle.launcher.daemon.bootstrap.GradleDaemon 8.14

Host: AMD Ryzen 3 5300U with Radeon Graphics         , 8 cores, 7G,  Windows 11 , 64 bit Build 26100 (10.0.26100.7920)
Time: Wed Mar 11 19:27:09 2026 SE Asia Standard Time elapsed time: 367.633538 seconds (0d 0h 6m 7s)

---------------  T H R E A D  ---------------

Current thread (0x00000207e1e1c070):  JavaThread "C2 CompilerThread0" daemon [_thread_in_native, id=8952, stack(0x0000000f44400000,0x0000000f44500000)]


Current CompileTask:
C2: 367633 20618       4       org.gradle.internal.instantiation.generator.ManagedObjectFactory::newInstance (186 bytes)

Stack: [0x0000000f44400000,0x0000000f44500000]
Native frames: (J=compiled Java code, j=interpreted, Vv=VM code, C=native code)
V  [jvm.dll+0x677d0a]
V  [jvm.dll+0x7d8c54]
V  [jvm.dll+0x7da3fe]
V  [jvm.dll+0x7daa63]
V  [jvm.dll+0x245c5f]
V  [jvm.dll+0xaaa6b]
V  [jvm.dll+0xab00c]
V  [jvm.dll+0x361e3f]
V  [jvm.dll+0x32c551]
V  [jvm.dll+0x32b9ea]
V  [jvm.dll+0x217fff]
V  [jvm.dll+0x217431]
V  [jvm.dll+0x1a3af0]
V  [jvm.dll+0x2270be]
V  [jvm.dll+0x22535b]
V  [jvm.dll+0x78e7bc]
V  [jvm.dll+0x788bba]
V  [jvm.dll+0x676b35]
C  [ucrtbase.dll+0x37b0]
C  [KERNEL32.DLL+0x2e8d7]
C  [ntdll.dll+0x8c48c]


---------------  P R O C E S S  ---------------

Threads class SMR info:
_java_thread_list=0x000002082b1dd500, length=142, elements={
0x00000207a4c448b0, 0x00000207e1dffb70, 0x00000207e1e01290, 0x00000207e1e151b0,
0x00000207e1e15d60, 0x00000207e1e18920, 0x00000207e1e1b2e0, 0x00000207e1e1c070,
0x00000207e1e1fc80, 0x00000207e25c8070, 0x00000207e2694a50, 0x00000207e2774020,
0x00000207e2681330, 0x0000020828b89e30, 0x00000207e295c750, 0x000002082955dcd0,
0x000002082955d330, 0x000002082955d800, 0x000002082955e670, 0x000002082955f010,
0x000002082955f4e0, 0x000002082955f9b0, 0x000002082957ca20, 0x000002082957b6e0,
0x000002082957a870, 0x0000020829579ed0, 0x0000020829579530, 0x000002082957e230,
0x000002082957b210, 0x000002082b82ea20, 0x000002082955e1a0, 0x000002082af52800,
0x000002082b1ff050, 0x000002082b201200, 0x000002082b1ffec0, 0x000002082b1ff520,
0x000002082b1ff9f0, 0x000002082b200390, 0x000002082b200860, 0x000002082b200d30,
0x000002082b2016d0, 0x000002082b201ba0, 0x000002082b1feb80, 0x000002082b1fe6b0,
0x000002082b2046f0, 0x000002082b205a30, 0x000002082b204bc0, 0x000002082b202540,
0x000002082b202a10, 0x000002082b202ee0, 0x000002082b2033b0, 0x000002082b203880,
0x000002082af4ee40, 0x000002082af51e60, 0x000002082af51990, 0x000002082af50b20,
0x000002082af52330, 0x000002082af4fcb0, 0x000002082af52cd0, 0x000002082af50ff0,
0x000002082af4f310, 0x000002082af50180, 0x000002082af531a0, 0x000002082af4f7e0,
0x000002082af54010, 0x000002082af53670, 0x000002082af53b40, 0x000002082af50650,
0x000002082af55cf0, 0x000002082af55820, 0x000002082af544e0, 0x000002082af56690,
0x000002082af55350, 0x000002082af549b0, 0x000002082af54e80, 0x000002082b82b060,
0x000002082b82d6e0, 0x000002082b82bed0, 0x000002082b82c3a0, 0x000002082b82b530,
0x000002082b82ba00, 0x000002082b82dbb0, 0x000002082b82f890, 0x000002082b830700,
0x000002082b830230, 0x000002082b831a40, 0x000002082b831f10, 0x000002082b82e550,
0x000002082b8328b0, 0x000002082c50f410, 0x000002082c510280, 0x000002082c510c20,
0x000002082c5110f0, 0x000002082c50e0d0, 0x000002082c511f60, 0x000002082c50e5a0,
0x000002082c512430, 0x000002082c512900, 0x000002082c514110, 0x000002082c512dd0,
0x000002082c5132a0, 0x000002082c5145e0, 0x000002082c513770, 0x000002082b39ceb0,
0x000002082b3a4230, 0x000002082b3a1210, 0x000002082b3a3d60, 0x000002082b3a33c0,
0x000002082b3a2550, 0x000002082b3a2a20, 0x000002082b3a3890, 0x000002082957cef0,
0x000002082957c080, 0x000002082957d3c0, 0x000002082957c550, 0x0000020829579a00,
0x000002082957d890, 0x000002082957f0a0, 0x000002082957fa40, 0x000002082957e700,
0x000002082957ebd0, 0x000002082957f570, 0x000002082b1fe1e0, 0x000002082b205090,
0x000002082b202070, 0x000002082955ce60, 0x000002082955eb40, 0x000002082955c4c0,
0x000002082b8310a0, 0x0000020834d93f70, 0x0000020834d92290, 0x0000020834d935d0,
0x0000020834d905b0, 0x0000020834d90f50, 0x0000020834d92c30, 0x0000020834d91420,
0x0000020834d94440, 0x0000020834d93100, 0x0000020834d918f0, 0x0000020834d90a80,
0x0000020834d94910, 0x0000020834d94de0
}

Java Threads: ( => current thread )
  0x00000207a4c448b0 JavaThread "main" [_thread_blocked, id=8624, stack(0x0000000f43700000,0x0000000f43800000)]
  0x00000207e1dffb70 JavaThread "Reference Handler" daemon [_thread_blocked, id=11640, stack(0x0000000f43e00000,0x0000000f43f00000)]
  0x00000207e1e01290 JavaThread "Finalizer" daemon [_thread_blocked, id=2484, stack(0x0000000f43f00000,0x0000000f44000000)]
  0x00000207e1e151b0 JavaThread "Signal Dispatcher" daemon [_thread_blocked, id=9968, stack(0x0000000f44000000,0x0000000f44100000)]
  0x00000207e1e15d60 JavaThread "Attach Listener" daemon [_thread_blocked, id=14156, stack(0x0000000f44100000,0x0000000f44200000)]
  0x00000207e1e18920 JavaThread "Service Thread" daemon [_thread_blocked, id=16832, stack(0x0000000f44200000,0x0000000f44300000)]
  0x00000207e1e1b2e0 JavaThread "Monitor Deflation Thread" daemon [_thread_blocked, id=9236, stack(0x0000000f44300000,0x0000000f44400000)]
=>0x00000207e1e1c070 JavaThread "C2 CompilerThread0" daemon [_thread_in_native, id=8952, stack(0x0000000f44400000,0x0000000f44500000)]
  0x00000207e1e1fc80 JavaThread "C1 CompilerThread0" daemon [_thread_blocked, id=15284, stack(0x0000000f44500000,0x0000000f44600000)]
  0x00000207e25c8070 JavaThread "Sweeper thread" daemon [_thread_blocked, id=3940, stack(0x0000000f44600000,0x0000000f44700000)]
  0x00000207e2694a50 JavaThread "Common-Cleaner" daemon [_thread_blocked, id=5512, stack(0x0000000f44700000,0x0000000f44800000)]
  0x00000207e2774020 JavaThread "Notification Thread" daemon [_thread_blocked, id=16460, stack(0x0000000f44800000,0x0000000f44900000)]
  0x00000207e2681330 JavaThread "Daemon health stats" [_thread_blocked, id=18204, stack(0x0000000f45000000,0x0000000f45100000)]
  0x0000020828b89e30 JavaThread "Incoming local TCP Connector on port 57721" [_thread_in_native, id=19356, stack(0x0000000f45100000,0x0000000f45200000)]
  0x00000207e295c750 JavaThread "Daemon periodic checks" [_thread_blocked, id=20012, stack(0x0000000f45200000,0x0000000f45300000)]
  0x000002082955dcd0 JavaThread "Cache worker for journal cache (C:\Users\hp\.gradle\caches\journal-1)" [_thread_blocked, id=20292, stack(0x0000000f45a00000,0x0000000f45b00000)]
  0x000002082955d330 JavaThread "File lock request listener" [_thread_in_native, id=19884, stack(0x0000000f45b00000,0x0000000f45c00000)]
  0x000002082955d800 JavaThread "Cache worker for file hash cache (C:\Users\hp\.gradle\caches\8.14\fileHashes)" [_thread_blocked, id=9820, stack(0x0000000f45c00000,0x0000000f45d00000)]
  0x000002082955e670 JavaThread "File watcher server" daemon [_thread_in_native, id=20108, stack(0x0000000f46400000,0x0000000f46500000)]
  0x000002082955f010 JavaThread "File watcher consumer" daemon [_thread_blocked, id=8256, stack(0x0000000f46500000,0x0000000f46600000)]
  0x000002082955f4e0 JavaThread "jar transforms" [_thread_blocked, id=7292, stack(0x0000000f46600000,0x0000000f46700000)]
  0x000002082955f9b0 JavaThread "jar transforms Thread 2" [_thread_blocked, id=7904, stack(0x0000000f46700000,0x0000000f46800000)]
  0x000002082957ca20 JavaThread "jar transforms Thread 3" [_thread_blocked, id=7400, stack(0x0000000f46800000,0x0000000f46900000)]
  0x000002082957b6e0 JavaThread "jar transforms Thread 4" [_thread_blocked, id=12280, stack(0x0000000f46300000,0x0000000f46400000)]
  0x000002082957a870 JavaThread "jar transforms Thread 5" [_thread_blocked, id=6424, stack(0x0000000f46900000,0x0000000f46a00000)]
  0x0000020829579ed0 JavaThread "Cache worker for file content cache (C:\Users\hp\.gradle\caches\8.14\fileContent)" [_thread_blocked, id=15780, stack(0x0000000f46e00000,0x0000000f46f00000)]
  0x0000020829579530 JavaThread "jar transforms Thread 6" [_thread_blocked, id=4716, stack(0x0000000f46f00000,0x0000000f47000000)]
  0x000002082957e230 JavaThread "jar transforms Thread 7" [_thread_blocked, id=20500, stack(0x0000000f47000000,0x0000000f47100000)]
  0x000002082957b210 JavaThread "jar transforms Thread 8" [_thread_blocked, id=20540, stack(0x0000000f46a00000,0x0000000f46b00000)]
  0x000002082b82ea20 JavaThread "Memory manager" [_thread_blocked, id=21396, stack(0x0000000f43400000,0x0000000f43500000)]
  0x000002082955e1a0 JavaThread "Daemon Thread 2" [_thread_blocked, id=19956, stack(0x0000000f43500000,0x0000000f43600000)]
  0x000002082af52800 JavaThread "Daemon worker Thread 2" [_thread_in_native, id=13456, stack(0x0000000f45500000,0x0000000f45600000)]
  0x000002082b1ff050 JavaThread "Handler for socket connection from /127.0.0.1:57721 to /127.0.0.1:55531" [_thread_in_native, id=16392, stack(0x0000000f43600000,0x0000000f43700000)]
  0x000002082b201200 JavaThread "Cancel handler" [_thread_blocked, id=488, stack(0x0000000f44c00000,0x0000000f44d00000)]
  0x000002082b1ffec0 JavaThread "Asynchronous log dispatcher for DefaultDaemonConnection: socket connection from /127.0.0.1:57721 to /127.0.0.1:55531" [_thread_blocked, id=13896, stack(0x0000000f44d00000,0x0000000f44e00000)]
  0x000002082b1ff520 JavaThread "Stdin handler" [_thread_blocked, id=15144, stack(0x0000000f45400000,0x0000000f45500000)]
  0x000002082b1ff9f0 JavaThread "Daemon client event forwarder" [_thread_blocked, id=13252, stack(0x0000000f45800000,0x0000000f45900000)]
  0x000002082b200390 JavaThread "Cache worker for file hash cache (D:\NaufalData\Polban\Semester4\Proyek4\project\logbook_app_001\android\.gradle\8.14\fileHashes)" [_thread_blocked, id=16532, stack(0x0000000f45900000,0x0000000f45a00000)]
  0x000002082b200860 JavaThread "Cache worker for Build Output Cleanup Cache (D:\NaufalData\Polban\Semester4\Proyek4\project\logbook_app_001\android\.gradle\buildOutputCleanup)" [_thread_blocked, id=3256, stack(0x0000000f46000000,0x0000000f46100000)]
  0x000002082b200d30 JavaThread "Cache worker for checksums cache (D:\NaufalData\Polban\Semester4\Proyek4\project\logbook_app_001\android\.gradle\8.14\checksums)" [_thread_blocked, id=3164, stack(0x0000000f46100000,0x0000000f46200000)]
  0x000002082b2016d0 JavaThread "Cache worker for cache directory md-supplier (C:\Users\hp\.gradle\caches\8.14\md-supplier)" [_thread_blocked, id=16908, stack(0x0000000f46b00000,0x0000000f46c00000)]
  0x000002082b201ba0 JavaThread "Cache worker for cache directory md-rule (C:\Users\hp\.gradle\caches\8.14\md-rule)" [_thread_blocked, id=21544, stack(0x0000000f46d00000,0x0000000f46e00000)]
  0x000002082b1feb80 JavaThread "Cache worker for Build Output Cleanup Cache (D:\NaufalData\Koding\Flutter\flutter\packages\flutter_tools\gradle\.gradle\buildOutputCleanup)" [_thread_blocked, id=5536, stack(0x0000000f47100000,0x0000000f47200000)]
  0x000002082b1fe6b0 JavaThread "Unconstrained build operations" [_thread_blocked, id=20492, stack(0x0000000f47200000,0x0000000f47300000)]
  0x000002082b2046f0 JavaThread "Unconstrained build operations Thread 2" [_thread_blocked, id=17112, stack(0x0000000f47300000,0x0000000f47400000)]
  0x000002082b205a30 JavaThread "Unconstrained build operations Thread 3" [_thread_blocked, id=22416, stack(0x0000000f47400000,0x0000000f47500000)]
  0x000002082b204bc0 JavaThread "Unconstrained build operations Thread 4" [_thread_blocked, id=4992, stack(0x0000000f47500000,0x0000000f47600000)]
  0x000002082b202540 JavaThread "Unconstrained build operations Thread 5" [_thread_blocked, id=21796, stack(0x0000000f47600000,0x0000000f47700000)]
  0x000002082b202a10 JavaThread "Unconstrained build operations Thread 6" [_thread_blocked, id=12532, stack(0x0000000f47700000,0x0000000f47800000)]
  0x000002082b202ee0 JavaThread "Unconstrained build operations Thread 7" [_thread_blocked, id=9048, stack(0x0000000f47800000,0x0000000f47900000)]
  0x000002082b2033b0 JavaThread "Unconstrained build operations Thread 8" [_thread_blocked, id=6192, stack(0x0000000f47900000,0x0000000f47a00000)]
  0x000002082b203880 JavaThread "Unconstrained build operations Thread 9" [_thread_blocked, id=11616, stack(0x0000000f47a00000,0x0000000f47b00000)]
  0x000002082af4ee40 JavaThread "Unconstrained build operations Thread 10" [_thread_blocked, id=19904, stack(0x0000000f47b00000,0x0000000f47c00000)]
  0x000002082af51e60 JavaThread "Unconstrained build operations Thread 11" [_thread_blocked, id=14236, stack(0x0000000f47c00000,0x0000000f47d00000)]
  0x000002082af51990 JavaThread "Unconstrained build operations Thread 12" [_thread_blocked, id=16664, stack(0x0000000f47d00000,0x0000000f47e00000)]
  0x000002082af50b20 JavaThread "Unconstrained build operations Thread 13" [_thread_blocked, id=10104, stack(0x0000000f47e00000,0x0000000f47f00000)]
  0x000002082af52330 JavaThread "Unconstrained build operations Thread 14" [_thread_blocked, id=11896, stack(0x0000000f47f00000,0x0000000f48000000)]
  0x000002082af4fcb0 JavaThread "build event listener" [_thread_blocked, id=12384, stack(0x0000000f48000000,0x0000000f48100000)]
  0x000002082af52cd0 JavaThread "included builds" [_thread_blocked, id=18932, stack(0x0000000f48200000,0x0000000f48300000)]
  0x000002082af50ff0 JavaThread "Execution worker" [_thread_blocked, id=5476, stack(0x0000000f48300000,0x0000000f48400000)]
  0x000002082af4f310 JavaThread "Execution worker Thread 2" [_thread_blocked, id=9676, stack(0x0000000f48400000,0x0000000f48500000)]
  0x000002082af50180 JavaThread "Execution worker Thread 3" [_thread_blocked, id=22472, stack(0x0000000f48500000,0x0000000f48600000)]
  0x000002082af531a0 JavaThread "Execution worker Thread 4" [_thread_blocked, id=22372, stack(0x0000000f48600000,0x0000000f48700000)]
  0x000002082af4f7e0 JavaThread "Execution worker Thread 5" [_thread_blocked, id=21676, stack(0x0000000f48700000,0x0000000f48800000)]
  0x000002082af54010 JavaThread "Execution worker Thread 6" [_thread_blocked, id=3656, stack(0x0000000f48800000,0x0000000f48900000)]
  0x000002082af53670 JavaThread "Execution worker Thread 7" [_thread_blocked, id=17704, stack(0x0000000f48900000,0x0000000f48a00000)]
  0x000002082af53b40 JavaThread "Cache worker for execution history cache (D:\NaufalData\Koding\Flutter\flutter\packages\flutter_tools\gradle\.gradle\8.14\executionHistory)" [_thread_blocked, id=4352, stack(0x0000000f48a00000,0x0000000f48b00000)]
  0x000002082af50650 JavaThread "Unconstrained build operations Thread 15" [_thread_blocked, id=16324, stack(0x0000000f48b00000,0x0000000f48c00000)]
  0x000002082af55cf0 JavaThread "Unconstrained build operations Thread 16" [_thread_blocked, id=22184, stack(0x0000000f48c00000,0x0000000f48d00000)]
  0x000002082af55820 JavaThread "Unconstrained build operations Thread 17" [_thread_blocked, id=21140, stack(0x0000000f48d00000,0x0000000f48e00000)]
  0x000002082af544e0 JavaThread "Unconstrained build operations Thread 18" [_thread_blocked, id=19464, stack(0x0000000f48e00000,0x0000000f48f00000)]
  0x000002082af56690 JavaThread "Unconstrained build operations Thread 19" [_thread_blocked, id=5424, stack(0x0000000f48f00000,0x0000000f49000000)]
  0x000002082af55350 JavaThread "Unconstrained build operations Thread 20" [_thread_blocked, id=19196, stack(0x0000000f49000000,0x0000000f49100000)]
  0x000002082af549b0 JavaThread "Unconstrained build operations Thread 21" [_thread_blocked, id=10440, stack(0x0000000f49100000,0x0000000f49200000)]
  0x000002082af54e80 JavaThread "Unconstrained build operations Thread 22" [_thread_blocked, id=16504, stack(0x0000000f49200000,0x0000000f49300000)]
  0x000002082b82b060 JavaThread "Unconstrained build operations Thread 23" [_thread_blocked, id=9432, stack(0x0000000f49300000,0x0000000f49400000)]
  0x000002082b82d6e0 JavaThread "Unconstrained build operations Thread 24" [_thread_blocked, id=20424, stack(0x0000000f49400000,0x0000000f49500000)]
  0x000002082b82bed0 JavaThread "Unconstrained build operations Thread 25" [_thread_blocked, id=19860, stack(0x0000000f49500000,0x0000000f49600000)]
  0x000002082b82c3a0 JavaThread "Unconstrained build operations Thread 26" [_thread_blocked, id=17524, stack(0x0000000f49600000,0x0000000f49700000)]
  0x000002082b82b530 JavaThread "Unconstrained build operations Thread 27" [_thread_blocked, id=15572, stack(0x0000000f49700000,0x0000000f49800000)]
  0x000002082b82ba00 JavaThread "Unconstrained build operations Thread 28" [_thread_blocked, id=18736, stack(0x0000000f49800000,0x0000000f49900000)]
  0x000002082b82dbb0 JavaThread "Unconstrained build operations Thread 29" [_thread_blocked, id=19036, stack(0x0000000f49a00000,0x0000000f49b00000)]
  0x000002082b82f890 JavaThread "Unconstrained build operations Thread 30" [_thread_blocked, id=10504, stack(0x0000000f49b00000,0x0000000f49c00000)]
  0x000002082b830700 JavaThread "WorkerExecutor Queue" [_thread_blocked, id=11116, stack(0x0000000f49900000,0x0000000f49a00000)]
  0x000002082b830230 JavaThread "RMI Scheduler(0)" daemon [_thread_blocked, id=7620, stack(0x0000000f49c00000,0x0000000f49d00000)]
  0x000002082b831a40 JavaThread "RMI GC Daemon" daemon [_thread_blocked, id=12544, stack(0x0000000f49e00000,0x0000000f49f00000)]
  0x000002082b831f10 JavaThread "RMI TCP Accept-0" daemon [_thread_in_native, id=4776, stack(0x0000000f49f00000,0x0000000f4a000000)]
  0x000002082b82e550 JavaThread "RMI Reaper" [_thread_blocked, id=20668, stack(0x0000000f4a000000,0x0000000f4a100000)]
  0x000002082b8328b0 JavaThread "RMI TCP Connection(2)-127.0.0.1" daemon [_thread_in_native, id=16076, stack(0x0000000f4a200000,0x0000000f4a300000)]
  0x000002082c50f410 JavaThread "Unconstrained build operations Thread 31" [_thread_blocked, id=17420, stack(0x0000000f45600000,0x0000000f45700000)]
  0x000002082c510280 JavaThread "Unconstrained build operations Thread 32" [_thread_blocked, id=19360, stack(0x0000000f45700000,0x0000000f45800000)]
  0x000002082c510c20 JavaThread "Unconstrained build operations Thread 33" [_thread_blocked, id=21284, stack(0x0000000f4a100000,0x0000000f4a200000)]
  0x000002082c5110f0 JavaThread "Unconstrained build operations Thread 34" [_thread_blocked, id=21288, stack(0x0000000f4a300000,0x0000000f4a400000)]
  0x000002082c50e0d0 JavaThread "Unconstrained build operations Thread 35" [_thread_blocked, id=18504, stack(0x0000000f4a400000,0x0000000f4a500000)]
  0x000002082c511f60 JavaThread "Unconstrained build operations Thread 36" [_thread_blocked, id=22152, stack(0x0000000f4a500000,0x0000000f4a600000)]
  0x000002082c50e5a0 JavaThread "Unconstrained build operations Thread 37" [_thread_blocked, id=11788, stack(0x0000000f4a600000,0x0000000f4a700000)]
  0x000002082c512430 JavaThread "Unconstrained build operations Thread 38" [_thread_blocked, id=13476, stack(0x0000000f4a700000,0x0000000f4a800000)]
  0x000002082c512900 JavaThread "Unconstrained build operations Thread 39" [_thread_blocked, id=20932, stack(0x0000000f4a800000,0x0000000f4a900000)]
  0x000002082c514110 JavaThread "Unconstrained build operations Thread 40" [_thread_blocked, id=20876, stack(0x0000000f4a900000,0x0000000f4aa00000)]
  0x000002082c512dd0 JavaThread "Unconstrained build operations Thread 41" [_thread_blocked, id=6920, stack(0x0000000f4aa00000,0x0000000f4ab00000)]
  0x000002082c5132a0 JavaThread "Unconstrained build operations Thread 42" [_thread_blocked, id=19688, stack(0x0000000f4ab00000,0x0000000f4ac00000)]
  0x000002082c5145e0 JavaThread "Unconstrained build operations Thread 43" [_thread_blocked, id=21900, stack(0x0000000f4ac00000,0x0000000f4ad00000)]
  0x000002082c513770 JavaThread "Unconstrained build operations Thread 44" [_thread_blocked, id=12132, stack(0x0000000f4ad00000,0x0000000f4ae00000)]
  0x000002082b39ceb0 JavaThread "build event listener" [_thread_blocked, id=21728, stack(0x0000000f49d00000,0x0000000f49e00000)]
  0x000002082b3a4230 JavaThread "Unconstrained build operations Thread 45" [_thread_blocked, id=15584, stack(0x0000000f4ae00000,0x0000000f4af00000)]
  0x000002082b3a1210 JavaThread "Unconstrained build operations Thread 46" [_thread_blocked, id=11544, stack(0x0000000f4af00000,0x0000000f4b000000)]
  0x000002082b3a3d60 JavaThread "Unconstrained build operations Thread 47" [_thread_blocked, id=16468, stack(0x0000000f4b000000,0x0000000f4b100000)]
  0x000002082b3a33c0 JavaThread "Unconstrained build operations Thread 48" [_thread_blocked, id=18476, stack(0x0000000f4b100000,0x0000000f4b200000)]
  0x000002082b3a2550 JavaThread "Unconstrained build operations Thread 49" [_thread_blocked, id=17676, stack(0x0000000f4b200000,0x0000000f4b300000)]
  0x000002082b3a2a20 JavaThread "Unconstrained build operations Thread 50" [_thread_blocked, id=19624, stack(0x0000000f4b300000,0x0000000f4b400000)]
  0x000002082b3a3890 JavaThread "Unconstrained build operations Thread 51" [_thread_blocked, id=4920, stack(0x0000000f4b400000,0x0000000f4b500000)]
  0x000002082957cef0 JavaThread "Unconstrained build operations Thread 52" [_thread_blocked, id=17696, stack(0x0000000f4b500000,0x0000000f4b600000)]
  0x000002082957c080 JavaThread "Unconstrained build operations Thread 53" [_thread_blocked, id=1008, stack(0x0000000f4b600000,0x0000000f4b700000)]
  0x000002082957d3c0 JavaThread "Unconstrained build operations Thread 54" [_thread_blocked, id=21736, stack(0x0000000f4b700000,0x0000000f4b800000)]
  0x000002082957c550 JavaThread "Unconstrained build operations Thread 55" [_thread_blocked, id=8080, stack(0x0000000f4b800000,0x0000000f4b900000)]
  0x0000020829579a00 JavaThread "Unconstrained build operations Thread 56" [_thread_blocked, id=20752, stack(0x0000000f4b900000,0x0000000f4ba00000)]
  0x000002082957d890 JavaThread "Unconstrained build operations Thread 57" [_thread_blocked, id=21776, stack(0x0000000f4ba00000,0x0000000f4bb00000)]
  0x000002082957f0a0 JavaThread "Unconstrained build operations Thread 58" [_thread_blocked, id=12160, stack(0x0000000f4bb00000,0x0000000f4bc00000)]
  0x000002082957fa40 JavaThread "Problems report writer" [_thread_blocked, id=21156, stack(0x0000000f4bc00000,0x0000000f4bd00000)]
  0x000002082957e700 JavaThread "Unconstrained build operations Thread 59" [_thread_blocked, id=2904, stack(0x0000000f4bd00000,0x0000000f4be00000)]
  0x000002082957ebd0 JavaThread "Unconstrained build operations Thread 60" [_thread_blocked, id=19068, stack(0x0000000f4be00000,0x0000000f4bf00000)]
  0x000002082957f570 JavaThread "Unconstrained build operations Thread 61" [_thread_blocked, id=11768, stack(0x0000000f4bf00000,0x0000000f4c000000)]
  0x000002082b1fe1e0 JavaThread "Unconstrained build operations Thread 62" [_thread_blocked, id=17904, stack(0x0000000f4c000000,0x0000000f4c100000)]
  0x000002082b205090 JavaThread "Unconstrained build operations Thread 63" [_thread_blocked, id=19440, stack(0x0000000f4c100000,0x0000000f4c200000)]
  0x000002082b202070 JavaThread "Unconstrained build operations Thread 64" [_thread_blocked, id=744, stack(0x0000000f4c200000,0x0000000f4c300000)]
  0x000002082955ce60 JavaThread "Unconstrained build operations Thread 65" [_thread_blocked, id=7720, stack(0x0000000f4c300000,0x0000000f4c400000)]
  0x000002082955eb40 JavaThread "Unconstrained build operations Thread 66" [_thread_blocked, id=18612, stack(0x0000000f4c400000,0x0000000f4c500000)]
  0x000002082955c4c0 JavaThread "Unconstrained build operations Thread 67" [_thread_blocked, id=19172, stack(0x0000000f4c500000,0x0000000f4c600000)]
  0x000002082b8310a0 JavaThread "Unconstrained build operations Thread 68" [_thread_blocked, id=1872, stack(0x0000000f4c600000,0x0000000f4c700000)]
  0x0000020834d93f70 JavaThread "Unconstrained build operations Thread 69" [_thread_blocked, id=18280, stack(0x0000000f4c700000,0x0000000f4c800000)]
  0x0000020834d92290 JavaThread "Unconstrained build operations Thread 70" [_thread_blocked, id=9036, stack(0x0000000f4c900000,0x0000000f4ca00000)]
  0x0000020834d935d0 JavaThread "Unconstrained build operations Thread 71" [_thread_blocked, id=22072, stack(0x0000000f4ca00000,0x0000000f4cb00000)]
  0x0000020834d905b0 JavaThread "Unconstrained build operations Thread 72" [_thread_blocked, id=11648, stack(0x0000000f4cb00000,0x0000000f4cc00000)]
  0x0000020834d90f50 JavaThread "Unconstrained build operations Thread 73" [_thread_blocked, id=20944, stack(0x0000000f4c800000,0x0000000f4c900000)]
  0x0000020834d92c30 JavaThread "Unconstrained build operations Thread 74" [_thread_blocked, id=19524, stack(0x0000000f4cc00000,0x0000000f4cd00000)]
  0x0000020834d91420 JavaThread "Unconstrained build operations Thread 75" [_thread_blocked, id=15116, stack(0x0000000f4cd00000,0x0000000f4ce00000)]
  0x0000020834d94440 JavaThread "Unconstrained build operations Thread 76" [_thread_blocked, id=19720, stack(0x0000000f4ce00000,0x0000000f4cf00000)]
  0x0000020834d93100 JavaThread "Unconstrained build operations Thread 77" [_thread_blocked, id=17300, stack(0x0000000f4cf00000,0x0000000f4d000000)]
  0x0000020834d918f0 JavaThread "Unconstrained build operations Thread 78" [_thread_blocked, id=3512, stack(0x0000000f4d000000,0x0000000f4d100000)]
  0x0000020834d90a80 JavaThread "Unconstrained build operations Thread 79" [_thread_blocked, id=21600, stack(0x0000000f4d100000,0x0000000f4d200000)]
  0x0000020834d94910 JavaThread "Unconstrained build operations Thread 80" [_thread_blocked, id=21412, stack(0x0000000f4d300000,0x0000000f4d400000)]
  0x0000020834d94de0 JavaThread "Cache worker for execution history cache (D:\NaufalData\Polban\Semester4\Proyek4\project\logbook_app_001\android\.gradle\8.14\executionHistory)" [_thread_blocked, id=19424, stack(0x0000000f4d400000,0x0000000f4d500000)]

Other Threads:
  0x00000207e1dfa210 VMThread "VM Thread" [stack: 0x0000000f43d00000,0x0000000f43e00000] [id=16548]
  0x00000207e2821270 WatcherThread [stack: 0x0000000f44900000,0x0000000f44a00000] [id=6876]
  0x00000207a4cf4420 GCTaskThread "GC Thread#0" [stack: 0x0000000f43800000,0x0000000f43900000] [id=14988]
  0x00000207e28695d0 GCTaskThread "GC Thread#1" [stack: 0x0000000f44a00000,0x0000000f44b00000] [id=6552]
  0x00000207e29912e0 GCTaskThread "GC Thread#2" [stack: 0x0000000f44b00000,0x0000000f44c00000] [id=6232]
  0x00000208288a40d0 GCTaskThread "GC Thread#3" [stack: 0x0000000f44e00000,0x0000000f44f00000] [id=19968]
  0x00000208288a4380 GCTaskThread "GC Thread#4" [stack: 0x0000000f44f00000,0x0000000f45000000] [id=19972]
  0x0000020829997050 GCTaskThread "GC Thread#5" [stack: 0x0000000f45d00000,0x0000000f45e00000] [id=20004]
  0x00000208294fd540 GCTaskThread "GC Thread#6" [stack: 0x0000000f45e00000,0x0000000f45f00000] [id=20000]
  0x00000208294d8cd0 GCTaskThread "GC Thread#7" [stack: 0x0000000f45f00000,0x0000000f46000000] [id=16512]
  0x00000207a4d05360 ConcurrentGCThread "G1 Main Marker" [stack: 0x0000000f43900000,0x0000000f43a00000] [id=16476]
  0x00000207a4d05d70 ConcurrentGCThread "G1 Conc#0" [stack: 0x0000000f43a00000,0x0000000f43b00000] [id=1408]
  0x0000020829678b50 ConcurrentGCThread "G1 Conc#1" [stack: 0x0000000f46200000,0x0000000f46300000] [id=17492]
  0x00000207a4d0eb00 ConcurrentGCThread "G1 Refine#0" [stack: 0x0000000f43b00000,0x0000000f43c00000] [id=8156]
  0x000002082ae5c4a0 ConcurrentGCThread "G1 Refine#1" [stack: 0x0000000f46c00000,0x0000000f46d00000] [id=5772]
  0x000002082a23aa20 ConcurrentGCThread "G1 Refine#2" [stack: 0x0000000f48100000,0x0000000f48200000] [id=20412]
  0x00000207e1cada60 ConcurrentGCThread "G1 Service" [stack: 0x0000000f43c00000,0x0000000f43d00000] [id=15820]

Threads with active compile tasks:
C2 CompilerThread0   367706 20618       4       org.gradle.internal.instantiation.generator.ManagedObjectFactory::newInstance (186 bytes)

VM state: not at safepoint (normal execution)

VM Mutex/Monitor currently owned by a thread: None

Heap address: 0x0000000600000000, size: 8192 MB, Compressed Oops mode: Zero based, Oop shift amount: 3

CDS archive(s) mapped at: [0x00000207e3000000-0x00000207e3bd0000-0x00000207e3bd0000), size 12386304, SharedBaseAddress: 0x00000207e3000000, ArchiveRelocationMode: 1.
Compressed class space mapped at: 0x00000207e4000000-0x0000020824000000, reserved size: 1073741824
Narrow klass base: 0x00000207e3000000, Narrow klass shift: 0, Narrow klass range: 0x100000000

GC Precious Log:
 CPUs: 8 total, 8 available
 Memory: 7502M
 Large Page Support: Disabled
 NUMA Support: Disabled
 Compressed Oops: Enabled (Zero based)
 Heap Region Size: 4M
 Heap Min Capacity: 8M
 Heap Initial Capacity: 120M
 Heap Max Capacity: 8G
 Pre-touch: Disabled
 Parallel Workers: 8
 Concurrent Workers: 2
 Concurrent Refinement Workers: 8
 Periodic GC: Disabled

Heap:
 garbage-first heap   total 466944K, used 346391K [0x0000000600000000, 0x0000000800000000)
  region size 4096K, 40 young (163840K), 1 survivors (4096K)
 Metaspace       used 151947K, committed 153600K, reserved 1245184K
  class space    used 21201K, committed 22016K, reserved 1048576K

Heap Regions: E=young(eden), S=young(survivor), O=old, HS=humongous(starts), HC=humongous(continues), CS=collection set, F=free, OA=open archive, CA=closed archive, TAMS=top-at-mark-start (previous, next)
|   0|0x0000000600000000, 0x0000000600400000, 0x0000000600400000|100%|HS|  |TAMS 0x0000000600400000, 0x0000000600000000| Complete 
|   1|0x0000000600400000, 0x0000000600800000, 0x0000000600800000|100%| O|  |TAMS 0x0000000600800000, 0x0000000600400000| Untracked 
|   2|0x0000000600800000, 0x0000000600c00000, 0x0000000600c00000|100%| O|  |TAMS 0x0000000600c00000, 0x0000000600800000| Untracked 
|   3|0x0000000600c00000, 0x0000000600fc9400, 0x0000000601000000| 94%| O|  |TAMS 0x0000000600fc9400, 0x0000000600c00000| Untracked 
|   4|0x0000000601000000, 0x0000000601400000, 0x0000000601400000|100%| O|  |TAMS 0x0000000601400000, 0x0000000601000000| Untracked 
|   5|0x0000000601400000, 0x0000000601800000, 0x0000000601800000|100%| O|  |TAMS 0x0000000601800000, 0x0000000601400000| Untracked 
|   6|0x0000000601800000, 0x0000000601c00000, 0x0000000601c00000|100%| O|  |TAMS 0x0000000601c00000, 0x0000000601800000| Untracked 
|   7|0x0000000601c00000, 0x0000000602000000, 0x0000000602000000|100%| O|  |TAMS 0x0000000602000000, 0x0000000601c00000| Untracked 
|   8|0x0000000602000000, 0x0000000602400000, 0x0000000602400000|100%| O|  |TAMS 0x0000000602400000, 0x0000000602000000| Untracked 
|   9|0x0000000602400000, 0x0000000602800000, 0x0000000602800000|100%| O|  |TAMS 0x0000000602800000, 0x0000000602400000| Untracked 
|  10|0x0000000602800000, 0x0000000602c00000, 0x0000000602c00000|100%| O|  |TAMS 0x0000000602800000, 0x0000000602800000| Untracked 
|  11|0x0000000602c00000, 0x0000000603000000, 0x0000000603000000|100%|HS|  |TAMS 0x0000000603000000, 0x0000000602c00000| Complete 
|  12|0x0000000603000000, 0x0000000603000000, 0x0000000603400000|  0%| F|  |TAMS 0x0000000603000000, 0x0000000603000000| Untracked 
|  13|0x0000000603400000, 0x0000000603800000, 0x0000000603800000|100%| O|  |TAMS 0x0000000603800000, 0x0000000603400000| Untracked 
|  14|0x0000000603800000, 0x0000000603c00000, 0x0000000603c00000|100%| O|  |TAMS 0x0000000603c00000, 0x0000000603800000| Untracked 
|  15|0x0000000603c00000, 0x0000000604000000, 0x0000000604000000|100%|HS|  |TAMS 0x0000000604000000, 0x0000000603c00000| Complete 
|  16|0x0000000604000000, 0x0000000604400000, 0x0000000604400000|100%| O|  |TAMS 0x0000000604400000, 0x0000000604000000| Untracked 
|  17|0x0000000604400000, 0x0000000604800000, 0x0000000604800000|100%| O|  |TAMS 0x0000000604800000, 0x0000000604400000| Untracked 
|  18|0x0000000604800000, 0x0000000604c00000, 0x0000000604c00000|100%| O|  |TAMS 0x0000000604c00000, 0x0000000604800000| Untracked 
|  19|0x0000000604c00000, 0x0000000605000000, 0x0000000605000000|100%| O|  |TAMS 0x0000000605000000, 0x0000000604c00000| Untracked 
|  20|0x0000000605000000, 0x0000000605400000, 0x0000000605400000|100%| O|  |TAMS 0x0000000605400000, 0x0000000605000000| Untracked 
|  21|0x0000000605400000, 0x0000000605800000, 0x0000000605800000|100%| O|  |TAMS 0x0000000605400000, 0x0000000605400000| Untracked 
|  22|0x0000000605800000, 0x0000000605c00000, 0x0000000605c00000|100%| O|  |TAMS 0x0000000605c00000, 0x0000000605800000| Untracked 
|  23|0x0000000605c00000, 0x0000000606000000, 0x0000000606000000|100%| O|  |TAMS 0x0000000606000000, 0x0000000605c00000| Untracked 
|  24|0x0000000606000000, 0x0000000606400000, 0x0000000606400000|100%| O|  |TAMS 0x0000000606400000, 0x0000000606000000| Untracked 
|  25|0x0000000606400000, 0x0000000606800000, 0x0000000606800000|100%| O|  |TAMS 0x0000000606800000, 0x0000000606400000| Untracked 
|  26|0x0000000606800000, 0x0000000606c00000, 0x0000000606c00000|100%| O|  |TAMS 0x0000000606c00000, 0x0000000606800000| Untracked 
|  27|0x0000000606c00000, 0x0000000606c00000, 0x0000000607000000|  0%| F|  |TAMS 0x0000000606c00000, 0x0000000606c00000| Untracked 
|  28|0x0000000607000000, 0x0000000607400000, 0x0000000607400000|100%| O|  |TAMS 0x0000000607400000, 0x0000000607000000| Untracked 
|  29|0x0000000607400000, 0x0000000607575000, 0x0000000607800000| 36%| O|  |TAMS 0x0000000607400000, 0x0000000607400000| Untracked 
|  30|0x0000000607800000, 0x0000000607c00000, 0x0000000607c00000|100%| O|  |TAMS 0x0000000607c00000, 0x0000000607800000| Untracked 
|  31|0x0000000607c00000, 0x0000000608000000, 0x0000000608000000|100%| O|  |TAMS 0x0000000608000000, 0x0000000607c00000| Untracked 
|  32|0x0000000608000000, 0x0000000608000000, 0x0000000608400000|  0%| F|  |TAMS 0x0000000608000000, 0x0000000608000000| Untracked 
|  33|0x0000000608400000, 0x0000000608800000, 0x0000000608800000|100%| O|  |TAMS 0x0000000608800000, 0x0000000608400000| Untracked 
|  34|0x0000000608800000, 0x0000000608c00000, 0x0000000608c00000|100%| O|  |TAMS 0x0000000608c00000, 0x0000000608800000| Untracked 
|  35|0x0000000608c00000, 0x0000000609000000, 0x0000000609000000|100%| O|  |TAMS 0x0000000609000000, 0x0000000608c00000| Untracked 
|  36|0x0000000609000000, 0x0000000609400000, 0x0000000609400000|100%| O|  |TAMS 0x0000000609400000, 0x0000000609000000| Untracked 
|  37|0x0000000609400000, 0x0000000609800000, 0x0000000609800000|100%| O|  |TAMS 0x00000006096e0e00, 0x0000000609400000| Untracked 
|  38|0x0000000609800000, 0x0000000609c00000, 0x0000000609c00000|100%| O|  |TAMS 0x0000000609800000, 0x0000000609800000| Untracked 
|  39|0x0000000609c00000, 0x000000060a000000, 0x000000060a000000|100%| O|  |TAMS 0x000000060a000000, 0x0000000609c00000| Untracked 
|  40|0x000000060a000000, 0x000000060a400000, 0x000000060a400000|100%| O|  |TAMS 0x000000060a000000, 0x000000060a000000| Untracked 
|  41|0x000000060a400000, 0x000000060a800000, 0x000000060a800000|100%| O|  |TAMS 0x000000060a400000, 0x000000060a400000| Untracked 
|  42|0x000000060a800000, 0x000000060ac00000, 0x000000060ac00000|100%| O|  |TAMS 0x000000060a800000, 0x000000060a800000| Untracked 
|  43|0x000000060ac00000, 0x000000060ac00000, 0x000000060b000000|  0%| F|  |TAMS 0x000000060ac00000, 0x000000060ac00000| Untracked 
|  44|0x000000060b000000, 0x000000060b000000, 0x000000060b400000|  0%| F|  |TAMS 0x000000060b000000, 0x000000060b000000| Untracked 
|  45|0x000000060b400000, 0x000000060b400000, 0x000000060b800000|  0%| F|  |TAMS 0x000000060b400000, 0x000000060b400000| Untracked 
|  46|0x000000060b800000, 0x000000060b800000, 0x000000060bc00000|  0%| F|  |TAMS 0x000000060b800000, 0x000000060b800000| Untracked 
|  47|0x000000060bc00000, 0x000000060bc00000, 0x000000060c000000|  0%| F|  |TAMS 0x000000060bc00000, 0x000000060bc00000| Untracked 
|  48|0x000000060c000000, 0x000000060c000000, 0x000000060c400000|  0%| F|  |TAMS 0x000000060c000000, 0x000000060c000000| Untracked 
|  49|0x000000060c400000, 0x000000060c800000, 0x000000060c800000|100%| O|  |TAMS 0x000000060c800000, 0x000000060c400000| Untracked 
|  50|0x000000060c800000, 0x000000060cc00000, 0x000000060cc00000|100%| O|  |TAMS 0x000000060cc00000, 0x000000060c800000| Untracked 
|  51|0x000000060cc00000, 0x000000060d000000, 0x000000060d000000|100%| O|  |TAMS 0x000000060d000000, 0x000000060cc00000| Untracked 
|  52|0x000000060d000000, 0x000000060d000000, 0x000000060d400000|  0%| F|  |TAMS 0x000000060d000000, 0x000000060d000000| Untracked 
|  53|0x000000060d400000, 0x000000060d800000, 0x000000060d800000|100%| O|  |TAMS 0x000000060d800000, 0x000000060d400000| Untracked 
|  54|0x000000060d800000, 0x000000060dc00000, 0x000000060dc00000|100%| O|  |TAMS 0x000000060d800000, 0x000000060d800000| Untracked 
|  55|0x000000060dc00000, 0x000000060e000000, 0x000000060e000000|100%| O|  |TAMS 0x000000060dc00000, 0x000000060dc00000| Untracked 
|  56|0x000000060e000000, 0x000000060e400000, 0x000000060e400000|100%| O|  |TAMS 0x000000060e000000, 0x000000060e000000| Untracked 
|  57|0x000000060e400000, 0x000000060e800000, 0x000000060e800000|100%| O|  |TAMS 0x000000060e400000, 0x000000060e400000| Untracked 
|  58|0x000000060e800000, 0x000000060e800000, 0x000000060ec00000|  0%| F|  |TAMS 0x000000060e800000, 0x000000060e800000| Untracked 
|  59|0x000000060ec00000, 0x000000060ec00000, 0x000000060f000000|  0%| F|  |TAMS 0x000000060ec00000, 0x000000060ec00000| Untracked 
|  60|0x000000060f000000, 0x000000060f000000, 0x000000060f400000|  0%| F|  |TAMS 0x000000060f000000, 0x000000060f000000| Untracked 
|  61|0x000000060f400000, 0x000000060f400000, 0x000000060f800000|  0%| F|  |TAMS 0x000000060f400000, 0x000000060f400000| Untracked 
|  62|0x000000060f800000, 0x000000060f800000, 0x000000060fc00000|  0%| F|  |TAMS 0x000000060f800000, 0x000000060f800000| Untracked 
|  63|0x000000060fc00000, 0x000000060fc00000, 0x0000000610000000|  0%| F|  |TAMS 0x000000060fc00000, 0x000000060fc00000| Untracked 
|  64|0x0000000610000000, 0x0000000610000000, 0x0000000610400000|  0%| F|  |TAMS 0x0000000610000000, 0x0000000610000000| Untracked 
|  65|0x0000000610400000, 0x0000000610400000, 0x0000000610800000|  0%| F|  |TAMS 0x0000000610400000, 0x0000000610400000| Untracked 
|  66|0x0000000610800000, 0x0000000610800000, 0x0000000610c00000|  0%| F|  |TAMS 0x0000000610800000, 0x0000000610800000| Untracked 
|  67|0x0000000610c00000, 0x0000000610c00000, 0x0000000611000000|  0%| F|  |TAMS 0x0000000610c00000, 0x0000000610c00000| Untracked 
|  68|0x0000000611000000, 0x0000000611000000, 0x0000000611400000|  0%| F|  |TAMS 0x0000000611000000, 0x0000000611000000| Untracked 
|  69|0x0000000611400000, 0x0000000611400000, 0x0000000611800000|  0%| F|  |TAMS 0x0000000611400000, 0x0000000611400000| Untracked 
|  70|0x0000000611800000, 0x0000000611800000, 0x0000000611c00000|  0%| F|  |TAMS 0x0000000611800000, 0x0000000611800000| Untracked 
|  71|0x0000000611c00000, 0x0000000611c00000, 0x0000000612000000|  0%| F|  |TAMS 0x0000000611c00000, 0x0000000611c00000| Untracked 
|  72|0x0000000612000000, 0x0000000612000000, 0x0000000612400000|  0%| F|  |TAMS 0x0000000612000000, 0x0000000612000000| Untracked 
|  73|0x0000000612400000, 0x0000000612400000, 0x0000000612800000|  0%| F|  |TAMS 0x0000000612400000, 0x0000000612400000| Untracked 
|  74|0x0000000612800000, 0x0000000612a061d0, 0x0000000612c00000| 50%| E|  |TAMS 0x0000000612800000, 0x0000000612800000| Complete 
|  75|0x0000000612c00000, 0x0000000613000000, 0x0000000613000000|100%| E|CS|TAMS 0x0000000612c00000, 0x0000000612c00000| Complete 
|  76|0x0000000613000000, 0x0000000613400000, 0x0000000613400000|100%| E|CS|TAMS 0x0000000613000000, 0x0000000613000000| Complete 
|  77|0x0000000613400000, 0x0000000613800000, 0x0000000613800000|100%| E|CS|TAMS 0x0000000613400000, 0x0000000613400000| Complete 
|  78|0x0000000613800000, 0x0000000613c00000, 0x0000000613c00000|100%| E|CS|TAMS 0x0000000613800000, 0x0000000613800000| Complete 
|  79|0x0000000613c00000, 0x0000000614000000, 0x0000000614000000|100%| E|CS|TAMS 0x0000000613c00000, 0x0000000613c00000| Complete 
|  80|0x0000000614000000, 0x0000000614400000, 0x0000000614400000|100%| E|CS|TAMS 0x0000000614000000, 0x0000000614000000| Complete 
|  81|0x0000000614400000, 0x0000000614800000, 0x0000000614800000|100%| E|CS|TAMS 0x0000000614400000, 0x0000000614400000| Complete 
|  82|0x0000000614800000, 0x0000000614c00000, 0x0000000614c00000|100%| E|CS|TAMS 0x0000000614800000, 0x0000000614800000| Complete 
|  83|0x0000000614c00000, 0x0000000615000000, 0x0000000615000000|100%| E|CS|TAMS 0x0000000614c00000, 0x0000000614c00000| Complete 
|  84|0x0000000615000000, 0x0000000615400000, 0x0000000615400000|100%| E|CS|TAMS 0x0000000615000000, 0x0000000615000000| Complete 
|  85|0x0000000615400000, 0x0000000615800000, 0x0000000615800000|100%| E|CS|TAMS 0x0000000615400000, 0x0000000615400000| Complete 
|  86|0x0000000615800000, 0x0000000615c00000, 0x0000000615c00000|100%| E|CS|TAMS 0x0000000615800000, 0x0000000615800000| Complete 
|  87|0x0000000615c00000, 0x0000000616000000, 0x0000000616000000|100%| E|CS|TAMS 0x0000000615c00000, 0x0000000615c00000| Complete 
|  88|0x0000000616000000, 0x0000000616400000, 0x0000000616400000|100%| E|CS|TAMS 0x0000000616000000, 0x0000000616000000| Complete 
|  89|0x0000000616400000, 0x0000000616800000, 0x0000000616800000|100%| E|CS|TAMS 0x0000000616400000, 0x0000000616400000| Complete 
|  90|0x0000000616800000, 0x00000006169079d0, 0x0000000616c00000| 25%| S|CS|TAMS 0x0000000616800000, 0x0000000616800000| Complete 
|  91|0x0000000616c00000, 0x0000000617000000, 0x0000000617000000|100%| E|CS|TAMS 0x0000000616c00000, 0x0000000616c00000| Complete 
|  92|0x0000000617000000, 0x0000000617400000, 0x0000000617400000|100%| E|CS|TAMS 0x0000000617000000, 0x0000000617000000| Complete 
|  93|0x0000000617400000, 0x0000000617800000, 0x0000000617800000|100%| E|CS|TAMS 0x0000000617400000, 0x0000000617400000| Complete 
|  94|0x0000000617800000, 0x0000000617c00000, 0x0000000617c00000|100%| E|CS|TAMS 0x0000000617800000, 0x0000000617800000| Complete 
|  95|0x0000000617c00000, 0x0000000618000000, 0x0000000618000000|100%| E|CS|TAMS 0x0000000617c00000, 0x0000000617c00000| Complete 
|  96|0x0000000618000000, 0x0000000618400000, 0x0000000618400000|100%| E|CS|TAMS 0x0000000618000000, 0x0000000618000000| Complete 
|  97|0x0000000618400000, 0x0000000618800000, 0x0000000618800000|100%| E|CS|TAMS 0x0000000618400000, 0x0000000618400000| Complete 
|  98|0x0000000618800000, 0x0000000618c00000, 0x0000000618c00000|100%| E|CS|TAMS 0x0000000618800000, 0x0000000618800000| Complete 
|  99|0x0000000618c00000, 0x0000000619000000, 0x0000000619000000|100%| E|CS|TAMS 0x0000000618c00000, 0x0000000618c00000| Complete 
| 100|0x0000000619000000, 0x0000000619400000, 0x0000000619400000|100%| E|CS|TAMS 0x0000000619000000, 0x0000000619000000| Complete 
| 101|0x0000000619400000, 0x0000000619800000, 0x0000000619800000|100%| E|CS|TAMS 0x0000000619400000, 0x0000000619400000| Complete 
| 102|0x0000000619800000, 0x0000000619c00000, 0x0000000619c00000|100%| E|CS|TAMS 0x0000000619800000, 0x0000000619800000| Complete 
| 103|0x0000000619c00000, 0x000000061a000000, 0x000000061a000000|100%| E|CS|TAMS 0x0000000619c00000, 0x0000000619c00000| Complete 
| 104|0x000000061a000000, 0x000000061a400000, 0x000000061a400000|100%| E|CS|TAMS 0x000000061a000000, 0x000000061a000000| Complete 
| 105|0x000000061a400000, 0x000000061a800000, 0x000000061a800000|100%| E|CS|TAMS 0x000000061a400000, 0x000000061a400000| Complete 
| 106|0x000000061a800000, 0x000000061ac00000, 0x000000061ac00000|100%| E|CS|TAMS 0x000000061a800000, 0x000000061a800000| Complete 
| 107|0x000000061ac00000, 0x000000061b000000, 0x000000061b000000|100%| E|CS|TAMS 0x000000061ac00000, 0x000000061ac00000| Complete 
| 108|0x000000061b000000, 0x000000061b400000, 0x000000061b400000|100%| E|CS|TAMS 0x000000061b000000, 0x000000061b000000| Complete 
| 109|0x000000061b400000, 0x000000061b800000, 0x000000061b800000|100%| E|CS|TAMS 0x000000061b400000, 0x000000061b400000| Complete 
| 110|0x000000061b800000, 0x000000061bc00000, 0x000000061bc00000|100%| E|CS|TAMS 0x000000061b800000, 0x000000061b800000| Complete 
| 111|0x000000061bc00000, 0x000000061c000000, 0x000000061c000000|100%| E|  |TAMS 0x000000061bc00000, 0x000000061bc00000| Complete 
| 112|0x000000061c000000, 0x000000061c400000, 0x000000061c400000|100%| E|CS|TAMS 0x000000061c000000, 0x000000061c000000| Complete 
| 113|0x000000061c400000, 0x000000061c800000, 0x000000061c800000|100%| E|CS|TAMS 0x000000061c400000, 0x000000061c400000| Complete 

Card table byte_map: [0x00000207cda30000,0x00000207cea30000] _byte_map_base: 0x00000207caa30000

Marking Bits (Prev, Next): (CMBitMap*) 0x00000207a4cf4a30, (CMBitMap*) 0x00000207a4cf4a70
 Prev Bits: [0x00000207cfa30000, 0x00000207d7a30000)
 Next Bits: [0x00000207d7a30000, 0x00000207dfa30000)

Polling page: 0x00000207a2ae0000

Metaspace:

Usage:
  Non-class:    127.69 MB used.
      Class:     20.71 MB used.
       Both:    148.39 MB used.

Virtual space:
  Non-class space:      192.00 MB reserved,     128.56 MB ( 67%) committed,  3 nodes.
      Class space:        1.00 GB reserved,      21.50 MB (  2%) committed,  1 nodes.
             Both:        1.19 GB reserved,     150.06 MB ( 12%) committed. 

Chunk freelists:
   Non-Class:  15.48 MB
       Class:  10.55 MB
        Both:  26.03 MB

MaxMetaspaceSize: 4.00 GB
CompressedClassSpaceSize: 1.00 GB
Initial GC threshold: 21.00 MB
Current GC threshold: 242.12 MB
CDS: on
MetaspaceReclaimPolicy: balanced
 - commit_granule_bytes: 65536.
 - commit_granule_words: 8192.
 - virtual_space_node_default_size: 8388608.
 - enlarge_chunks_in_place: 1.
 - new_chunks_are_fully_committed: 0.
 - uncommit_free_chunks: 1.
 - use_allocation_guard: 0.
 - handle_deallocations: 1.


Internal statistics:

num_allocs_failed_limit: 9.
num_arena_births: 2416.
num_arena_deaths: 0.
num_vsnodes_births: 4.
num_vsnodes_deaths: 0.
num_space_committed: 2401.
num_space_uncommitted: 0.
num_chunks_returned_to_freelist: 9.
num_chunks_taken_from_freelist: 9602.
num_chunk_merges: 6.
num_chunk_splits: 6163.
num_chunks_enlarged: 3819.
num_purges: 0.
num_inconsistent_stats: 0.

CodeHeap 'non-profiled nmethods': size=259264Kb used=14793Kb max_used=14793Kb free=244471Kb
 bounds [0x00000207bc7b0000, 0x00000207bd630000, 0x00000207cc4e0000]
CodeHeap 'profiled nmethods': size=259264Kb used=34348Kb max_used=34348Kb free=224915Kb
 bounds [0x00000207ac4e0000, 0x00000207ae670000, 0x00000207bc210000]
CodeHeap 'non-nmethods': size=5760Kb used=2498Kb max_used=2548Kb free=3261Kb
 bounds [0x00000207bc210000, 0x00000207bc4a0000, 0x00000207bc7b0000]
 total_blobs=18086 nmethods=17038 adapters=959
 compilation: enabled
              stopped_count=0, restarted_count=0
 full_count=0

Compilation events (20 events):
Event: 366.520 Thread 0x00000207e1e1fc80 20634       3       kotlin.collections.ArraysKt___ArraysKt::joinToString$default (94 bytes)
Event: 366.521 Thread 0x00000207e1e1fc80 nmethod 20634 0x00000207ae658790 code [0x00000207ae658940, 0x00000207ae658c08]
Event: 366.521 Thread 0x00000207e1e1fc80 20635       3       kotlin.collections.ArraysKt___ArraysKt::joinToString (72 bytes)
Event: 366.524 Thread 0x00000207e1e1fc80 nmethod 20635 0x00000207ae658d10 code [0x00000207ae659180, 0x00000207ae65ae88]
Event: 366.543 Thread 0x00000207e1e1fc80 20636       3       com.android.build.api.component.impl.features.OptimizationCreationConfigImpl::getMinifiedEnabled (159 bytes)
Event: 366.544 Thread 0x00000207e1e1fc80 nmethod 20636 0x00000207ae65b890 code [0x00000207ae65bb60, 0x00000207ae65cd38]
Event: 366.545 Thread 0x00000207e1e1fc80 20637       3       com.android.build.api.artifact.impl.SingleInitialProviderRequestImpl$on$2::execute (9 bytes)
Event: 366.545 Thread 0x00000207e1e1fc80 nmethod 20637 0x00000207ae65d210 code [0x00000207ae65d3c0, 0x00000207ae65d608]
Event: 366.545 Thread 0x00000207e1e1fc80 20638       3       com.android.build.api.artifact.impl.SingleInitialProviderRequestImpl$on$2::execute (46 bytes)
Event: 366.546 Thread 0x00000207e1e1fc80 nmethod 20638 0x00000207ae65d710 code [0x00000207ae65d960, 0x00000207ae65e2d8]
Event: 366.546 Thread 0x00000207e1e1fc80 20639       3       com.android.build.api.artifact.impl.ArtifactsImpl::calculateFileName (37 bytes)
Event: 366.548 Thread 0x00000207e1e1fc80 nmethod 20639 0x00000207ae65e690 code [0x00000207ae65e920, 0x00000207ae65f548]
Event: 366.562 Thread 0x00000207e1e1fc80 20640       3       kotlin.collections.ArraysKt___ArraysKt::any (25 bytes)
Event: 366.563 Thread 0x00000207e1e1fc80 nmethod 20640 0x00000207ae65f990 code [0x00000207ae65fba0, 0x00000207ae6601d8]
Event: 366.564 Thread 0x00000207e1e1fc80 20641       3       kotlin.collections.ArraysKt___ArraysKt::last (37 bytes)
Event: 366.566 Thread 0x00000207e1e1fc80 nmethod 20641 0x00000207ae660410 code [0x00000207ae6606c0, 0x00000207ae6612e8]
Event: 366.576 Thread 0x00000207e1e1fc80 20642   !   3       jdk.proxy1.$Proxy98::annotationType (29 bytes)
Event: 366.577 Thread 0x00000207e1e1fc80 nmethod 20642 0x00000207ae661710 code [0x00000207ae6618e0, 0x00000207ae661cd8]
Event: 366.609 Thread 0x00000207e1e1fc80 20643       1       com.android.build.gradle.internal.dsl.ApplicationExtensionImpl::getAndroidResources (5 bytes)
Event: 366.609 Thread 0x00000207e1e1fc80 nmethod 20643 0x00000207bd621b10 code [0x00000207bd621ca0, 0x00000207bd621d78]

GC Heap History (20 events):
Event: 283.533 GC heap before
{Heap before GC invocations=85 (full 0):
 garbage-first heap   total 344064K, used 270737K [0x0000000600000000, 0x0000000800000000)
  region size 4096K, 24 young (98304K), 1 survivors (4096K)
 Metaspace       used 118059K, committed 119424K, reserved 1179648K
  class space    used 16452K, committed 17088K, reserved 1048576K
}
Event: 283.562 GC heap after
{Heap after GC invocations=86 (full 0):
 garbage-first heap   total 344064K, used 188241K [0x0000000600000000, 0x0000000800000000)
  region size 4096K, 3 young (12288K), 3 survivors (12288K)
 Metaspace       used 118059K, committed 119424K, reserved 1179648K
  class space    used 16452K, committed 17088K, reserved 1048576K
}
Event: 347.894 GC heap before
{Heap before GC invocations=86 (full 0):
 garbage-first heap   total 344064K, used 278353K [0x0000000600000000, 0x0000000800000000)
  region size 4096K, 25 young (102400K), 3 survivors (12288K)
 Metaspace       used 121193K, committed 122624K, reserved 1179648K
  class space    used 16855K, committed 17536K, reserved 1048576K
}
Event: 347.911 GC heap after
{Heap after GC invocations=87 (full 0):
 garbage-first heap   total 344064K, used 195023K [0x0000000600000000, 0x0000000800000000)
  region size 4096K, 4 young (16384K), 4 survivors (16384K)
 Metaspace       used 121193K, committed 122624K, reserved 1179648K
  class space    used 16855K, committed 17536K, reserved 1048576K
}
Event: 350.578 GC heap before
{Heap before GC invocations=87 (full 0):
 garbage-first heap   total 344064K, used 276943K [0x0000000600000000, 0x0000000800000000)
  region size 4096K, 25 young (102400K), 4 survivors (16384K)
 Metaspace       used 126457K, committed 127936K, reserved 1179648K
  class space    used 17492K, committed 18176K, reserved 1048576K
}
Event: 350.603 GC heap after
{Heap after GC invocations=88 (full 0):
 garbage-first heap   total 344064K, used 199835K [0x0000000600000000, 0x0000000800000000)
  region size 4096K, 3 young (12288K), 3 survivors (12288K)
 Metaspace       used 126457K, committed 127936K, reserved 1179648K
  class space    used 17492K, committed 18176K, reserved 1048576K
}
Event: 355.377 GC heap before
{Heap before GC invocations=88 (full 0):
 garbage-first heap   total 344064K, used 285851K [0x0000000600000000, 0x0000000800000000)
  region size 4096K, 24 young (98304K), 3 survivors (12288K)
 Metaspace       used 133428K, committed 134976K, reserved 1179648K
  class space    used 18411K, committed 19136K, reserved 1048576K
}
Event: 355.389 GC heap after
{Heap after GC invocations=89 (full 0):
 garbage-first heap   total 344064K, used 204111K [0x0000000600000000, 0x0000000800000000)
  region size 4096K, 3 young (12288K), 3 survivors (12288K)
 Metaspace       used 133428K, committed 134976K, reserved 1179648K
  class space    used 18411K, committed 19136K, reserved 1048576K
}
Event: 357.502 GC heap before
{Heap before GC invocations=89 (full 0):
 garbage-first heap   total 344064K, used 277839K [0x0000000600000000, 0x0000000800000000)
  region size 4096K, 22 young (90112K), 3 survivors (12288K)
 Metaspace       used 138288K, committed 139840K, reserved 1179648K
  class space    used 19100K, committed 19840K, reserved 1048576K
}
Event: 357.514 GC heap after
{Heap after GC invocations=90 (full 0):
 garbage-first heap   total 344064K, used 207394K [0x0000000600000000, 0x0000000800000000)
  region size 4096K, 2 young (8192K), 2 survivors (8192K)
 Metaspace       used 138288K, committed 139840K, reserved 1179648K
  class space    used 19100K, committed 19840K, reserved 1048576K
}
Event: 359.945 GC heap before
{Heap before GC invocations=90 (full 0):
 garbage-first heap   total 344064K, used 285218K [0x0000000600000000, 0x0000000800000000)
  region size 4096K, 22 young (90112K), 2 survivors (8192K)
 Metaspace       used 144611K, committed 146176K, reserved 1179648K
  class space    used 20112K, committed 20864K, reserved 1048576K
}
Event: 359.957 GC heap after
{Heap after GC invocations=91 (full 0):
 garbage-first heap   total 344064K, used 210573K [0x0000000600000000, 0x0000000800000000)
  region size 4096K, 2 young (8192K), 2 survivors (8192K)
 Metaspace       used 144611K, committed 146176K, reserved 1179648K
  class space    used 20112K, committed 20864K, reserved 1048576K
}
Event: 361.586 GC heap before
{Heap before GC invocations=91 (full 0):
 garbage-first heap   total 344064K, used 288397K [0x0000000600000000, 0x0000000800000000)
  region size 4096K, 21 young (86016K), 2 survivors (8192K)
 Metaspace       used 146661K, committed 148224K, reserved 1179648K
  class space    used 20393K, committed 21120K, reserved 1048576K
}
Event: 361.599 GC heap after
{Heap after GC invocations=92 (full 0):
 garbage-first heap   total 344064K, used 215512K [0x0000000600000000, 0x0000000800000000)
  region size 4096K, 2 young (8192K), 2 survivors (8192K)
 Metaspace       used 146661K, committed 148224K, reserved 1179648K
  class space    used 20393K, committed 21120K, reserved 1048576K
}
Event: 362.963 GC heap before
{Heap before GC invocations=93 (full 0):
 garbage-first heap   total 389120K, used 281048K [0x0000000600000000, 0x0000000800000000)
  region size 4096K, 19 young (77824K), 2 survivors (8192K)
 Metaspace       used 147496K, committed 149120K, reserved 1179648K
  class space    used 20588K, committed 21376K, reserved 1048576K
}
Event: 362.979 GC heap after
{Heap after GC invocations=94 (full 0):
 garbage-first heap   total 389120K, used 222635K [0x0000000600000000, 0x0000000800000000)
  region size 4096K, 3 young (12288K), 3 survivors (12288K)
 Metaspace       used 147496K, committed 149120K, reserved 1179648K
  class space    used 20588K, committed 21376K, reserved 1048576K
}
Event: 363.002 GC heap before
{Heap before GC invocations=94 (full 0):
 garbage-first heap   total 389120K, used 226731K [0x0000000600000000, 0x0000000800000000)
  region size 4096K, 4 young (16384K), 3 survivors (12288K)
 Metaspace       used 147511K, committed 149120K, reserved 1179648K
  class space    used 20590K, committed 21376K, reserved 1048576K
}
Event: 363.043 GC heap after
{Heap after GC invocations=95 (full 0):
 garbage-first heap   total 389120K, used 198005K [0x0000000600000000, 0x0000000800000000)
  region size 4096K, 1 young (4096K), 1 survivors (4096K)
 Metaspace       used 147511K, committed 149120K, reserved 1179648K
  class space    used 20590K, committed 21376K, reserved 1048576K
}
Event: 363.163 GC heap before
{Heap before GC invocations=95 (full 0):
 garbage-first heap   total 389120K, used 210293K [0x0000000600000000, 0x0000000800000000)
  region size 4096K, 4 young (16384K), 1 survivors (4096K)
 Metaspace       used 147605K, committed 149184K, reserved 1179648K
  class space    used 20606K, committed 21376K, reserved 1048576K
}
Event: 363.188 GC heap after
{Heap after GC invocations=96 (full 0):
 garbage-first heap   total 466944K, used 194839K [0x0000000600000000, 0x0000000800000000)
  region size 4096K, 1 young (4096K), 1 survivors (4096K)
 Metaspace       used 147605K, committed 149184K, reserved 1179648K
  class space    used 20606K, committed 21376K, reserved 1048576K
}

Deoptimization events (20 events):
Event: 364.463 Thread 0x000002082af52800 DEOPT PACKING pc=0x00000207bd38cc34 sp=0x0000000f455fa560
Event: 364.463 Thread 0x000002082af52800 DEOPT UNPACKING pc=0x00000207bc2623a3 sp=0x0000000f455fa3d8 mode 2
Event: 364.463 Thread 0x000002082af52800 Uncommon trap: trap_request=0xffffffc6 fr.pc=0x00000207bd38cc34 relative=0x0000000000006114
Event: 364.463 Thread 0x000002082af52800 Uncommon trap: reason=bimorphic_or_optimized_type_check action=maybe_recompile pc=0x00000207bd38cc34 method=org.gradle.api.internal.artifacts.result.DefaultResolvedVariantResult.computeHashCode()I @ 4 c2
Event: 364.463 Thread 0x000002082af52800 DEOPT PACKING pc=0x00000207bd38cc34 sp=0x0000000f455fa560
Event: 364.463 Thread 0x000002082af52800 DEOPT UNPACKING pc=0x00000207bc2623a3 sp=0x0000000f455fa3d8 mode 2
Event: 364.463 Thread 0x000002082af52800 Uncommon trap: trap_request=0xffffffc6 fr.pc=0x00000207bd38cc34 relative=0x0000000000006114
Event: 364.463 Thread 0x000002082af52800 Uncommon trap: reason=bimorphic_or_optimized_type_check action=maybe_recompile pc=0x00000207bd38cc34 method=org.gradle.api.internal.artifacts.result.DefaultResolvedVariantResult.computeHashCode()I @ 4 c2
Event: 364.463 Thread 0x000002082af52800 DEOPT PACKING pc=0x00000207bd38cc34 sp=0x0000000f455fa560
Event: 364.463 Thread 0x000002082af52800 DEOPT UNPACKING pc=0x00000207bc2623a3 sp=0x0000000f455fa3d8 mode 2
Event: 364.662 Thread 0x000002082af52800 Uncommon trap: trap_request=0xffffff45 fr.pc=0x00000207bd291a1c relative=0x00000000000005bc
Event: 364.662 Thread 0x000002082af52800 Uncommon trap: reason=unstable_if action=reinterpret pc=0x00000207bd291a1c method=java.util.regex.Pattern$CharProperty.match(Ljava/util/regex/Matcher;ILjava/lang/CharSequence;)Z @ 5 c2
Event: 364.662 Thread 0x000002082af52800 DEOPT PACKING pc=0x00000207bd291a1c sp=0x0000000f455fab70
Event: 364.662 Thread 0x000002082af52800 DEOPT UNPACKING pc=0x00000207bc2623a3 sp=0x0000000f455fab30 mode 2
Event: 365.345 Thread 0x000002082af52800 Uncommon trap: trap_request=0xffffffcc fr.pc=0x00000207bd5f8438 relative=0x0000000000000118
Event: 365.345 Thread 0x000002082af52800 Uncommon trap: reason=intrinsic_or_type_checked_inlining action=make_not_entrant pc=0x00000207bd5f8438 method=com.google.common.collect.RegularImmutableList.copyIntoArray([Ljava/lang/Object;I)I @ 12 c2
Event: 365.345 Thread 0x000002082af52800 DEOPT PACKING pc=0x00000207bd5f8438 sp=0x0000000f455f9360
Event: 365.345 Thread 0x000002082af52800 DEOPT UNPACKING pc=0x00000207bc2623a3 sp=0x0000000f455f9310 mode 2
Event: 365.663 Thread 0x000002082af52800 DEOPT PACKING pc=0x00000207acb784c7 sp=0x0000000f455f91f0
Event: 365.663 Thread 0x000002082af52800 DEOPT UNPACKING pc=0x00000207bc262b43 sp=0x0000000f455f86b0 mode 0

Classes unloaded (0 events):
No events

Classes redefined (0 events):
No events

Internal exceptions (20 events):
Event: 363.434 Thread 0x000002082af52800 Exception <a 'java/lang/ClassNotFoundException'{0x000000061b9b7ae8}: com/android/build/gradle/internal/api/DefaultAndroidSourceSet_DecoratedBeanInfo> (0x000000061b9b7ae8) 
thrown [s\open\src\hotspot\share\classfile\systemDictionary.cpp, line 256]
Event: 363.435 Thread 0x000002082af52800 Exception <a 'java/lang/ClassNotFoundException'{0x000000061b9c4d48}: com/android/build/gradle/internal/api/DefaultAndroidSourceSetBeanInfo> (0x000000061b9c4d48) 
thrown [s\open\src\hotspot\share\classfile\systemDictionary.cpp, line 256]
Event: 363.437 Thread 0x000002082af52800 Exception <a 'java/lang/ClassNotFoundException'{0x000000061b9d23a0}: com/android/build/gradle/internal/api/DefaultAndroidSourceSetCustomizer> (0x000000061b9d23a0) 
thrown [s\open\src\hotspot\share\classfile\systemDictionary.cpp, line 256]
Event: 363.441 Thread 0x000002082af52800 Exception <a 'java/lang/ClassNotFoundException'{0x000000061ba386c0}: com/android/build/gradle/internal/api/DefaultAndroidSourceSet_DecoratedCustomizer> (0x000000061ba386c0) 
thrown [s\open\src\hotspot\share\classfile\systemDictionary.cpp, line 256]
Event: 363.448 Thread 0x000002082af52800 Exception <a 'java/lang/ClassNotFoundException'{0x000000061baac408}: com/android/build/gradle/internal/api/DefaultAndroidSourceDirectorySetBeanInfo> (0x000000061baac408) 
thrown [s\open\src\hotspot\share\classfile\systemDictionary.cpp, line 256]
Event: 363.449 Thread 0x000002082af52800 Exception <a 'java/lang/ClassNotFoundException'{0x000000061bab8c68}: com/android/build/gradle/internal/api/DefaultAndroidSourceDirectorySetCustomizer> (0x000000061bab8c68) 
thrown [s\open\src\hotspot\share\classfile\systemDictionary.cpp, line 256]
Event: 363.459 Thread 0x000002082af52800 Exception <a 'java/lang/ClassNotFoundException'{0x000000061bbc9bb0}: com/google/common/collect/SingletonImmutableSetBeanInfo> (0x000000061bbc9bb0) 
thrown [s\open\src\hotspot\share\classfile\systemDictionary.cpp, line 256]
Event: 363.461 Thread 0x000002082af52800 Exception <a 'java/lang/ClassNotFoundException'{0x000000061bbd6758}: com/google/common/collect/ImmutableSetBeanInfo> (0x000000061bbd6758) 
thrown [s\open\src\hotspot\share\classfile\systemDictionary.cpp, line 256]
Event: 363.462 Thread 0x000002082af52800 Exception <a 'java/lang/ClassNotFoundException'{0x000000061bbe34b8}: com/google/common/collect/ImmutableCollectionBeanInfo> (0x000000061bbe34b8) 
thrown [s\open\src\hotspot\share\classfile\systemDictionary.cpp, line 256]
Event: 363.464 Thread 0x000002082af52800 Exception <a 'java/lang/ClassNotFoundException'{0x000000061bbf0628}: com/google/common/collect/ImmutableCollectionCustomizer> (0x000000061bbf0628) 
thrown [s\open\src\hotspot\share\classfile\systemDictionary.cpp, line 256]
Event: 363.476 Thread 0x000002082af52800 Exception <a 'java/lang/ClassNotFoundException'{0x000000061b4370a0}: com/google/common/collect/ImmutableSetCustomizer> (0x000000061b4370a0) 
thrown [s\open\src\hotspot\share\classfile\systemDictionary.cpp, line 256]
Event: 363.478 Thread 0x000002082af52800 Exception <a 'java/lang/ClassNotFoundException'{0x000000061b45b298}: com/google/common/collect/SingletonImmutableSetCustomizer> (0x000000061b45b298) 
thrown [s\open\src\hotspot\share\classfile\systemDictionary.cpp, line 256]
Event: 363.503 Thread 0x000002082af52800 Exception <a 'java/lang/ClassNotFoundException'{0x000000061b5339e8}: com/android/build/gradle/internal/dsl/LintImpl$AgpDecorated_DecoratedBeanInfo> (0x000000061b5339e8) 
thrown [s\open\src\hotspot\share\classfile\systemDictionary.cpp, line 256]
Event: 363.505 Thread 0x000002082af52800 Exception <a 'java/lang/ClassNotFoundException'{0x000000061b540c40}: com/android/build/gradle/internal/dsl/LintImpl$AgpDecoratedBeanInfo> (0x000000061b540c40) 
thrown [s\open\src\hotspot\share\classfile\systemDictionary.cpp, line 256]
Event: 363.506 Thread 0x000002082af52800 Exception <a 'java/lang/ClassNotFoundException'{0x000000061b54dd88}: com/android/build/gradle/internal/dsl/LintImplBeanInfo> (0x000000061b54dd88) 
thrown [s\open\src\hotspot\share\classfile\systemDictionary.cpp, line 256]
Event: 363.508 Thread 0x000002082af52800 Exception <a 'java/lang/ClassNotFoundException'{0x000000061b55aff0}: com/android/build/gradle/internal/dsl/LintImplCustomizer> (0x000000061b55aff0) 
thrown [s\open\src\hotspot\share\classfile\systemDictionary.cpp, line 256]
Event: 363.510 Thread 0x000002082af52800 Exception <a 'java/lang/ClassNotFoundException'{0x000000061b5a7b20}: com/android/build/gradle/internal/dsl/LintImpl$AgpDecoratedCustomizer> (0x000000061b5a7b20) 
thrown [s\open\src\hotspot\share\classfile\systemDictionary.cpp, line 256]
Event: 363.513 Thread 0x000002082af52800 Exception <a 'java/lang/ClassNotFoundException'{0x000000061b605ed0}: com/android/build/gradle/internal/dsl/LintImpl$AgpDecorated_DecoratedCustomizer> (0x000000061b605ed0) 
thrown [s\open\src\hotspot\share\classfile\systemDictionary.cpp, line 256]
Event: 363.521 Thread 0x000002082af52800 Exception <a 'java/lang/ClassNotFoundException'{0x000000061b6cfad8}: build_3aiikeulfu3wx3j8tgusggvgv$_run_closure3BeanInfo> (0x000000061b6cfad8) 
thrown [s\open\src\hotspot\share\classfile\systemDictionary.cpp, line 256]
Event: 363.523 Thread 0x000002082af52800 Exception <a 'java/lang/ClassNotFoundException'{0x000000061b6d93d8}: build_3aiikeulfu3wx3j8tgusggvgv$_run_closure3Customizer> (0x000000061b6d93d8) 
thrown [s\open\src\hotspot\share\classfile\systemDictionary.cpp, line 256]

VM Operations (20 events):
Event: 361.585 Executing VM operation: G1CollectForAllocation
Event: 361.599 Executing VM operation: G1CollectForAllocation done
Event: 361.895 Executing VM operation: G1Concurrent
Event: 361.914 Executing VM operation: G1Concurrent done
Event: 362.037 Executing VM operation: G1Concurrent
Event: 362.039 Executing VM operation: G1Concurrent done
Event: 362.963 Executing VM operation: G1CollectForAllocation
Event: 362.979 Executing VM operation: G1CollectForAllocation done
Event: 363.002 Executing VM operation: G1CollectForAllocation
Event: 363.044 Executing VM operation: G1CollectForAllocation done
Event: 363.163 Executing VM operation: G1CollectForAllocation
Event: 363.188 Executing VM operation: G1CollectForAllocation done
Event: 364.189 Executing VM operation: Cleanup
Event: 364.189 Executing VM operation: Cleanup done
Event: 364.463 Executing VM operation: HandshakeAllThreads
Event: 364.463 Executing VM operation: HandshakeAllThreads done
Event: 365.464 Executing VM operation: Cleanup
Event: 365.464 Executing VM operation: Cleanup done
Event: 367.465 Executing VM operation: Cleanup
Event: 367.465 Executing VM operation: Cleanup done

Events (20 events):
Event: 362.353 Thread 0x0000020834d92290 Thread added: 0x0000020834d92290
Event: 362.354 Thread 0x0000020834d935d0 Thread added: 0x0000020834d935d0
Event: 362.355 Thread 0x0000020834d905b0 Thread added: 0x0000020834d905b0
Event: 362.560 Thread 0x000002082dd20010 Thread exited: 0x000002082dd20010
Event: 362.943 Thread 0x0000020834d90f50 Thread added: 0x0000020834d90f50
Event: 362.944 Thread 0x0000020834d92c30 Thread added: 0x0000020834d92c30
Event: 362.944 Thread 0x0000020834d91420 Thread added: 0x0000020834d91420
Event: 362.945 Thread 0x0000020834d94440 Thread added: 0x0000020834d94440
Event: 362.945 Thread 0x0000020834d93100 Thread added: 0x0000020834d93100
Event: 362.946 Thread 0x0000020834d918f0 Thread added: 0x0000020834d918f0
Event: 362.947 Thread 0x0000020834d90a80 Thread added: 0x0000020834d90a80
Event: 362.982 Thread 0x000002082dd1e6c0 Thread added: 0x000002082dd1e6c0
Event: 362.997 Thread 0x0000020834d94910 Thread added: 0x0000020834d94910
Event: 363.442 loading class java/beans/ParameterDescriptor
Event: 363.443 loading class java/beans/ParameterDescriptor done
Event: 364.238 Thread 0x000002082dd1e6c0 Thread exited: 0x000002082dd1e6c0
Event: 364.423 Thread 0x000002082dd20a30 Thread added: 0x000002082dd20a30
Event: 364.467 Thread 0x00000207e25c8070 flushing nmethod 0x00000207bcb4fb10
Event: 364.793 Thread 0x0000020834d94de0 Thread added: 0x0000020834d94de0
Event: 365.891 Thread 0x000002082dd20a30 Thread exited: 0x000002082dd20a30


Dynamic libraries:
0x00007ff7d0730000 - 0x00007ff7d0740000 	C:\Program Files\Java\jdk-17\bin\java.exe
0x00007ffa301a0000 - 0x00007ffa30407000 	C:\WINDOWS\SYSTEM32\ntdll.dll
0x00007ffa2fb00000 - 0x00007ffa2fbc9000 	C:\WINDOWS\System32\KERNEL32.DLL
0x00007ffa2d2d0000 - 0x00007ffa2d6c1000 	C:\WINDOWS\System32\KERNELBASE.dll
0x00007ffa2ce90000 - 0x00007ffa2cfdb000 	C:\WINDOWS\System32\ucrtbase.dll
0x00007ffa280f0000 - 0x00007ffa2810b000 	C:\Program Files\Java\jdk-17\bin\VCRUNTIME140.dll
0x00007ffa16320000 - 0x00007ffa16339000 	C:\Program Files\Java\jdk-17\bin\jli.dll
0x00007ffa2fce0000 - 0x00007ffa2fd9b000 	C:\WINDOWS\System32\ADVAPI32.dll
0x00007ffa2e080000 - 0x00007ffa2e129000 	C:\WINDOWS\System32\msvcrt.dll
0x00007ffa2f420000 - 0x00007ffa2f4c7000 	C:\WINDOWS\System32\sechost.dll
0x00007ffa2f210000 - 0x00007ffa2f328000 	C:\WINDOWS\System32\RPCRT4.dll
0x00007ffa2e130000 - 0x00007ffa2e2f5000 	C:\WINDOWS\System32\USER32.dll
0x00007ffa2cb30000 - 0x00007ffa2cb57000 	C:\WINDOWS\System32\win32u.dll
0x00007ffa2fda0000 - 0x00007ffa2fdcb000 	C:\WINDOWS\System32\GDI32.dll
0x00007ffa2cbf0000 - 0x00007ffa2cd1b000 	C:\WINDOWS\System32\gdi32full.dll
0x00007ffa2d160000 - 0x00007ffa2d203000 	C:\WINDOWS\System32\msvcp_win.dll
0x00007ffa17dc0000 - 0x00007ffa18053000 	C:\WINDOWS\WinSxS\amd64_microsoft.windows.common-controls_6595b64144ccf1df_6.0.26100.8037_none_3e092faae333b53b\COMCTL32.dll
0x00007ffa27180000 - 0x00007ffa2718b000 	C:\WINDOWS\SYSTEM32\VERSION.dll
0x00007ffa2e040000 - 0x00007ffa2e071000 	C:\WINDOWS\System32\IMM32.DLL
0x00007ffa163f0000 - 0x00007ffa163fc000 	C:\Program Files\Java\jdk-17\bin\vcruntime140_1.dll
0x00007ffa16360000 - 0x00007ffa163ee000 	C:\Program Files\Java\jdk-17\bin\msvcp140.dll
0x00007ff98c750000 - 0x00007ff98d32e000 	C:\Program Files\Java\jdk-17\bin\server\jvm.dll
0x00007ffa2f410000 - 0x00007ffa2f418000 	C:\WINDOWS\System32\PSAPI.DLL
0x00007ffa16350000 - 0x00007ffa1635a000 	C:\WINDOWS\SYSTEM32\WSOCK32.dll
0x00007ffa2e590000 - 0x00007ffa2e604000 	C:\WINDOWS\System32\WS2_32.dll
0x00007ffa27140000 - 0x00007ffa27175000 	C:\WINDOWS\SYSTEM32\WINMM.dll
0x00007ffa2b810000 - 0x00007ffa2b82b000 	C:\WINDOWS\SYSTEM32\kernel.appcore.dll
0x00007ffa16340000 - 0x00007ffa1634a000 	C:\Program Files\Java\jdk-17\bin\jimage.dll
0x00007ffa205d0000 - 0x00007ffa20812000 	C:\WINDOWS\SYSTEM32\DBGHELP.DLL
0x00007ffa2fdd0000 - 0x00007ffa30152000 	C:\WINDOWS\System32\combase.dll
0x00007ffa2f330000 - 0x00007ffa2f407000 	C:\WINDOWS\System32\OLEAUT32.dll
0x00007ffa0e640000 - 0x00007ffa0e67b000 	C:\WINDOWS\SYSTEM32\dbgcore.DLL
0x00007ffa2ca80000 - 0x00007ffa2cb25000 	C:\WINDOWS\System32\bcryptPrimitives.dll
0x00007ffa16310000 - 0x00007ffa1631e000 	C:\Program Files\Java\jdk-17\bin\instrument.dll
0x00007ff9a3820000 - 0x00007ff9a3845000 	C:\Program Files\Java\jdk-17\bin\java.dll
0x00007ff9908a0000 - 0x00007ff990977000 	C:\Program Files\Java\jdk-17\bin\jsvml.dll
0x00007ffa2e610000 - 0x00007ffa2ed6f000 	C:\WINDOWS\System32\SHELL32.dll
0x00007ffa2cd20000 - 0x00007ffa2ce8a000 	C:\WINDOWS\System32\wintypes.dll
0x00007ffa2d6d0000 - 0x00007ffa2df34000 	C:\WINDOWS\System32\windows.storage.dll
0x00007ffa2f870000 - 0x00007ffa2f967000 	C:\WINDOWS\System32\SHCORE.dll
0x00007ffa2fa70000 - 0x00007ffa2fad7000 	C:\WINDOWS\System32\shlwapi.dll
0x00007ffa2c9a0000 - 0x00007ffa2c9c9000 	C:\WINDOWS\SYSTEM32\profapi.dll
0x00007ff9a25f0000 - 0x00007ff9a2608000 	C:\Program Files\Java\jdk-17\bin\zip.dll
0x00007ff9a22b0000 - 0x00007ff9a22c9000 	C:\Program Files\Java\jdk-17\bin\net.dll
0x00007ffa23c70000 - 0x00007ffa23d97000 	C:\WINDOWS\SYSTEM32\WINHTTP.dll
0x00007ffa2bd80000 - 0x00007ffa2bdeb000 	C:\WINDOWS\system32\mswsock.dll
0x00007ff9a2290000 - 0x00007ff9a22a6000 	C:\Program Files\Java\jdk-17\bin\nio.dll
0x00007ff9f8950000 - 0x00007ff9f8960000 	C:\Program Files\Java\jdk-17\bin\verify.dll
0x00007ff9cc450000 - 0x00007ff9cc477000 	C:\Users\hp\.gradle\native\1def1411415f61bf3af743bc5b6707747c0891f09f0c88961ee8f79bc544acac\windows-amd64\native-platform.dll
0x00007ff990530000 - 0x00007ff9905a8000 	C:\Users\hp\.gradle\native\0.2.7\x86_64-windows-gnu\gradle-fileevents.dll
0x00007ff9f1ca0000 - 0x00007ff9f1caa000 	C:\Program Files\Java\jdk-17\bin\management.dll
0x00007ff9eed20000 - 0x00007ff9eed2b000 	C:\Program Files\Java\jdk-17\bin\management_ext.dll
0x00007ffa2b200000 - 0x00007ffa2b233000 	C:\WINDOWS\SYSTEM32\IPHLPAPI.DLL
0x00007ffa2f4d0000 - 0x00007ffa2f4da000 	C:\WINDOWS\System32\NSI.dll
0x00007ffa24d20000 - 0x00007ffa24d3d000 	C:\WINDOWS\SYSTEM32\dhcpcsvc6.DLL
0x00007ffa24c50000 - 0x00007ffa24c73000 	C:\WINDOWS\SYSTEM32\dhcpcsvc.DLL
0x00007ffa2b290000 - 0x00007ffa2b3ba000 	C:\WINDOWS\SYSTEM32\DNSAPI.dll
0x00007ffa2c060000 - 0x00007ffa2c07b000 	C:\WINDOWS\SYSTEM32\CRYPTSP.dll
0x00007ffa2b770000 - 0x00007ffa2b7a9000 	C:\WINDOWS\system32\rsaenh.dll
0x00007ffa2be30000 - 0x00007ffa2be62000 	C:\WINDOWS\SYSTEM32\USERENV.dll
0x00007ffa2c970000 - 0x00007ffa2c99a000 	C:\WINDOWS\SYSTEM32\bcrypt.dll
0x00007ffa2c080000 - 0x00007ffa2c08c000 	C:\WINDOWS\SYSTEM32\CRYPTBASE.dll
0x00007ff9ecb20000 - 0x00007ff9ecb2e000 	C:\Program Files\Java\jdk-17\bin\sunmscapi.dll
0x00007ffa2cfe0000 - 0x00007ffa2d157000 	C:\WINDOWS\System32\CRYPT32.dll
0x00007ffa2c280000 - 0x00007ffa2c2b0000 	C:\WINDOWS\SYSTEM32\ncrypt.dll
0x00007ffa2c230000 - 0x00007ffa2c26f000 	C:\WINDOWS\SYSTEM32\NTASN1.dll
0x00007ff994ed0000 - 0x00007ff994ed8000 	C:\WINDOWS\system32\wshunix.dll
0x00007ffa05a00000 - 0x00007ffa05a18000 	C:\WINDOWS\system32\napinsp.dll
0x00007ffa059e0000 - 0x00007ffa059f2000 	C:\WINDOWS\System32\winrnr.dll
0x00007ffa059b0000 - 0x00007ffa059d2000 	C:\WINDOWS\system32\nlansp_c.dll
0x00007ffa05990000 - 0x00007ffa059a6000 	C:\WINDOWS\system32\wshbth.dll
0x00007ffa24060000 - 0x00007ffa2406b000 	C:\Windows\System32\rasadhlp.dll
0x00007ffa26f30000 - 0x00007ffa26fb6000 	C:\WINDOWS\System32\fwpuclnt.dll
0x00007ffa2b930000 - 0x00007ffa2b966000 	C:\WINDOWS\SYSTEM32\ntmarta.dll
0x00007ff9e5630000 - 0x00007ff9e5637000 	C:\Program Files\Java\jdk-17\bin\rmi.dll

dbghelp: loaded successfully - version: 4.0.5 - missing functions: none
symbol engine: initialized successfully - sym options: 0x614 - pdb path: .;C:\Program Files\Java\jdk-17\bin;C:\WINDOWS\SYSTEM32;C:\WINDOWS\WinSxS\amd64_microsoft.windows.common-controls_6595b64144ccf1df_6.0.26100.8037_none_3e092faae333b53b;C:\Program Files\Java\jdk-17\bin\server;C:\Users\hp\.gradle\native\1def1411415f61bf3af743bc5b6707747c0891f09f0c88961ee8f79bc544acac\windows-amd64;C:\Users\hp\.gradle\native\0.2.7\x86_64-windows-gnu

VM Arguments:
jvm_args: --add-opens=java.base/java.lang=ALL-UNNAMED --add-opens=java.base/java.lang.invoke=ALL-UNNAMED --add-opens=java.base/java.util=ALL-UNNAMED --add-opens=java.prefs/java.util.prefs=ALL-UNNAMED --add-exports=jdk.compiler/com.sun.tools.javac.api=ALL-UNNAMED --add-exports=jdk.compiler/com.sun.tools.javac.util=ALL-UNNAMED --add-opens=java.base/java.util=ALL-UNNAMED --add-opens=java.prefs/java.util.prefs=ALL-UNNAMED --add-opens=java.base/java.nio.charset=ALL-UNNAMED --add-opens=java.base/java.net=ALL-UNNAMED --add-opens=java.base/java.util.concurrent.atomic=ALL-UNNAMED --add-opens=java.xml/javax.xml.namespace=ALL-UNNAMED -XX:MaxMetaspaceSize=4G -XX:ReservedCodeCacheSize=512m -XX:+HeapDumpOnOutOfMemoryError -Xmx8G -Dfile.encoding=UTF-8 -Duser.country=US -Duser.language=en -Duser.variant -javaagent:C:\Users\hp\.gradle\wrapper\dists\gradle-8.14-all\c2qonpi39x1mddn7hk5gh9iqj\gradle-8.14\lib\agents\gradle-instrumentation-agent-8.14.jar 
java_command: org.gradle.launcher.daemon.bootstrap.GradleDaemon 8.14
java_class_path (initial): C:\Users\hp\.gradle\wrapper\dists\gradle-8.14-all\c2qonpi39x1mddn7hk5gh9iqj\gradle-8.14\lib\gradle-daemon-main-8.14.jar
Launcher Type: SUN_STANDARD

[Global flags]
     intx CICompilerCount                          = 4                                         {product} {ergonomic}
     uint ConcGCThreads                            = 2                                         {product} {ergonomic}
     uint G1ConcRefinementThreads                  = 8                                         {product} {ergonomic}
   size_t G1HeapRegionSize                         = 4194304                                   {product} {ergonomic}
    uintx GCDrainStackTargetSize                   = 64                                        {product} {ergonomic}
     bool HeapDumpOnOutOfMemoryError               = true                                   {manageable} {command line}
   size_t InitialHeapSize                          = 125829120                                 {product} {ergonomic}
   size_t MarkStackSize                            = 4194304                                   {product} {ergonomic}
   size_t MaxHeapSize                              = 8589934592                                {product} {command line}
   size_t MaxMetaspaceSize                         = 4294967296                                {product} {command line}
   size_t MaxNewSize                               = 5150605312                                {product} {ergonomic}
   size_t MinHeapDeltaBytes                        = 4194304                                   {product} {ergonomic}
   size_t MinHeapSize                              = 8388608                                   {product} {ergonomic}
    uintx NonNMethodCodeHeapSize                   = 5839372                                {pd product} {ergonomic}
    uintx NonProfiledCodeHeapSize                  = 265515770                              {pd product} {ergonomic}
    uintx ProfiledCodeHeapSize                     = 265515770                              {pd product} {ergonomic}
    uintx ReservedCodeCacheSize                    = 536870912                              {pd product} {command line}
     bool SegmentedCodeCache                       = true                                      {product} {ergonomic}
   size_t SoftMaxHeapSize                          = 8589934592                             {manageable} {ergonomic}
   double SweeperThreshold                         = 0.234375                                  {product} {ergonomic}
     bool UseCompressedClassPointers               = true                           {product lp64_product} {ergonomic}
     bool UseCompressedOops                        = true                           {product lp64_product} {ergonomic}
     bool UseG1GC                                  = true                                      {product} {ergonomic}
     bool UseLargePagesIndividualAllocation        = false                                  {pd product} {ergonomic}

Logging:
Log output configuration:
 #0: stdout all=warning uptime,level,tags
 #1: stderr all=off uptime,level,tags

Environment Variables:
JAVA_HOME=C:\Program Files\Java\jdk-17
PATH=C:\Users\hp\AppData\Local\Programs\Microsoft VS Code;C:\Program Files\Common Files\Oracle\Java\javapath;C:\Program Files (x86)\Common Files\Oracle\Java\javapath;C:\windows\system32;C:\windows;C:\windows\System32\Wbem;C:\windows\System32\WindowsPowerShell\v1.0\;C:\windows\System32\OpenSSH\;C:\Program Files\Microsoft SQL Server\150\Tools\Binn\;C:\Program Files\Microsoft SQL Server\Client SDK\ODBC\170\Tools\Binn\;C:\Program Files (x86)\dotnet\;C:\Program Files\nodejs\;C:\Program Files\Go\bin;C:\xampp\php;C:\Program Files\Git\cmd;C:\Program Files (x86)\Microsoft SQL Server\160\Tools\Binn\;C:\Program Files\Microsoft SQL Server\160\Tools\Binn\;C:\Program Files\Microsoft SQL Server\160\DTS\Binn\;C:\ProgramData\ComposerSetup\bin;C:\Program Files (x86)\Microsoft SQL Server\150\Tools\Binn\;C:\Program Files\Microsoft SQL Server\150\DTS\Binn\;C:\Program Files\Azure Data Studio\bin;D:\Naufal Data\PKL\Dev\flutter\bin;C:\MinGW\bin;C:\WINDOWS\system32;C:\WINDOWS;C:\WINDOWS\System32\Wbem;C:\WINDOWS\System32\WindowsPowerShell\v1.0\;C:\WINDOWS\System32\OpenSSH\;C:\Program Files\dotnet\;JAVA_HOME;C:\Program Files\Cloudflare\Cloudflare WARP\;C:\src\Android\SDK\cmdline-tools\tools\bin;C:\Program Files\Java\jdk-17;D:\NaufalData\PKL\JDK\jdk-21.0.1\bin;C:\Users\hp\.dotnet\tools;C:\Program Files\Java\scripts;C:\Users\hp\AppData\Local\Microsoft\WindowsApps;C:\Users\hp\AppData\Local\Programs\Microsoft VS Code\bin;C:\Users\hp\AppData\Roaming\npm;C:\Users\hp\go\bin;C:\Users\hp\AppData\Roaming\Composer\vendor\bin;D:\NaufalData\Koding\Flutter\flutter\bin;C:\Users\hp\AppData\Local\spicetify;C:\Users\hp\AppData\Local\Microsoft\WindowsApps;C:\zig-windows-x86_64-0.13.0;C:\Users\hp\AppData\Local\GitHubDesktop\bin;C:\Users\hp\.dotnet\tools;C:\Users\hp\AppData\Local\Programs\Antigravity\bin;C:\src\Android\SDK\cmdline-tools\latest\bin;C:\src\Android\SDK\platform-tools;C:\Users\hp\AppData\Local\Python\bin;C:\Users\hp\AppData\Local\Python\bin\python.exe;C:\Users\hp\AppData\Local\Python\pythoncore-3.14-64\
USERNAME=hp
OS=Windows_NT
PROCESSOR_IDENTIFIER=AMD64 Family 23 Model 104 Stepping 1, AuthenticAMD



---------------  S Y S T E M  ---------------

OS:
 Windows 11 , 64 bit Build 26100 (10.0.26100.7920)
OS uptime: 0 days 0:09 hours
Hyper-V role detected

CPU: total 8 (initial active 8) (8 cores per cpu, 2 threads per core) family 23 model 104 stepping 1 microcode 0x8608104, cx8, cmov, fxsr, ht, mmx, 3dnowpref, sse, sse2, sse3, ssse3, sse4a, sse4.1, sse4.2, popcnt, lzcnt, tsc, tscinvbit, avx, avx2, aes, clmul, bmi1, bmi2, adx, sha, fma, vzeroupper, clflush, clflushopt, hv

Memory: 4k page, system-wide physical 7502M (423M free)
TotalPageFile size 17332M (AvailPageFile size 19M)
current process WorkingSet (physical memory assigned to process): 722M, peak: 723M
current process commit charge ("private bytes"): 911M, peak: 915M

vm_info: Java HotSpot(TM) 64-Bit Server VM (17.0.8+9-LTS-211) for windows-amd64 JRE (17.0.8+9-LTS-211), built on Jun 14 2023 10:34:31 by "mach5one" with MS VC++ 17.1 (VS2022)

END.
